[Sun Jul 20 04:06:09 2025] Booting Linux on physical CPU 0x0000000000 [0x411fd073]
[Sun Jul 20 04:06:09 2025] Linux version 4.19.152-ui-alpine (bdd@builder) (gcc version 10.2.1 20210110 (Debian 10.2.1-6)) #4.19.152 SMP Sat Jul 5 21:20:51 CST 2025
[Sun Jul 20 04:06:09 2025] Machine model: Annapurna Labs Alpine V2 UBNT
[Sun Jul 20 04:06:09 2025] efi: Getting EFI parameters from FDT:
[Sun Jul 20 04:06:09 2025] efi: UEFI not found.
[Sun Jul 20 04:06:09 2025] On node 0 totalpages: 1048576
[Sun Jul 20 04:06:09 2025]   DMA32 zone: 12288 pages used for memmap
[Sun Jul 20 04:06:09 2025]   DMA32 zone: 0 pages reserved
[Sun Jul 20 04:06:09 2025]   DMA32 zone: 786432 pages, LIFO batch:63
[Sun Jul 20 04:06:09 2025]   Normal zone: 4096 pages used for memmap
[Sun Jul 20 04:06:09 2025]   Normal zone: 262144 pages, LIFO batch:63
[Sun Jul 20 04:06:09 2025] psci: probing for conduit method from DT.
[Sun Jul 20 04:06:09 2025] psci: PSCIv0.2 detected in firmware.
[Sun Jul 20 04:06:09 2025] psci: Using standard PSCI v0.2 function IDs
[Sun Jul 20 04:06:09 2025] psci: MIGRATE_INFO_TYPE not supported.
[Sun Jul 20 04:06:09 2025] random: get_random_bytes called from start_kernel+0x8c/0x3b8 with crng_init=0
[Sun Jul 20 04:06:09 2025] percpu: Embedded 20 pages/cpu s44824 r8192 d28904 u81920
[Sun Jul 20 04:06:09 2025] pcpu-alloc: s44824 r8192 d28904 u81920 alloc=20*4096
[Sun Jul 20 04:06:09 2025] pcpu-alloc: [0] 0 [0] 1 [0] 2 [0] 3 
[Sun Jul 20 04:06:09 2025] Detected PIPT I-cache on CPU0
[Sun Jul 20 04:06:09 2025] ARM_SMCCC_ARCH_WORKAROUND_1 missing from firmware
[Sun Jul 20 04:06:09 2025] CPU features: enabling workaround for EL2 vector hardening
[Sun Jul 20 04:06:09 2025] Built 1 zonelists, mobility grouping on.  Total pages: 1032192
[Sun Jul 20 04:06:09 2025] Kernel command line: pci=pcie_bus_perf console=ttyS0,115200 net.ifnames=0 sysid=ea15 boot_carrier=4 root=
[Sun Jul 20 04:06:09 2025] Dentry cache hash table entries: 524288 (order: 10, 4194304 bytes)
[Sun Jul 20 04:06:09 2025] Inode-cache hash table entries: 262144 (order: 9, 2097152 bytes)
[Sun Jul 20 04:06:09 2025] software IO TLB: mapped [mem 0xbbfff000-0xbffff000] (64MB)
[Sun Jul 20 04:06:09 2025] Memory: 4031880K/4194304K available (8508K kernel code, 708K rwdata, 2372K rodata, 448K init, 319K bss, 162424K reserved, 0K cma-reserved)
[Sun Jul 20 04:06:09 2025] SLUB: HWalign=64, Order=0-3, MinObjects=0, CPUs=4, Nodes=1
[Sun Jul 20 04:06:09 2025] rcu: Hierarchical RCU implementation.
[Sun Jul 20 04:06:09 2025] rcu: 	RCU event tracing is enabled.
[Sun Jul 20 04:06:09 2025] NR_IRQS: 64, nr_irqs: 64, preallocated irqs: 0
[Sun Jul 20 04:06:09 2025] GICv3: GIC: Using split EOI/Deactivate mode
[Sun Jul 20 04:06:09 2025] GICv3: Distributor has no Range Selector support
[Sun Jul 20 04:06:09 2025] GICv3: no VLPI support, no direct LPI support
[Sun Jul 20 04:06:09 2025] GICv3: CPU0: found redistributor 0 region 0:0x00000000f0280000
[Sun Jul 20 04:06:09 2025] arch_timer: cp15 timer(s) running at 58.33MHz (phys).
[Sun Jul 20 04:06:09 2025] clocksource: arch_sys_counter: mask: 0xffffffffffffff max_cycles: 0x1ae82a6a7f, max_idle_ns: 881590413063 ns
[Sun Jul 20 04:06:09 2025] sched_clock: 56 bits at 58MHz, resolution 17ns, wraps every 4398046511097ns
[Sun Jul 20 04:06:09 2025] Console: colour dummy device 80x25
[Sun Jul 20 04:06:09 2025] Calibrating delay loop (skipped), value calculated using timer frequency.. 116.66 BogoMIPS (lpj=583333)
[Sun Jul 20 04:06:09 2025] pid_max: default: 32768 minimum: 301
[Sun Jul 20 04:06:09 2025] Mount-cache hash table entries: 8192 (order: 4, 65536 bytes)
[Sun Jul 20 04:06:09 2025] Mountpoint-cache hash table entries: 8192 (order: 4, 65536 bytes)
[Sun Jul 20 04:06:09 2025] ASID allocator initialised with 32768 entries
[Sun Jul 20 04:06:09 2025] rcu: Hierarchical SRCU implementation.
[Sun Jul 20 04:06:09 2025] EFI services will not be available.
[Sun Jul 20 04:06:09 2025] smp: Bringing up secondary CPUs ...
[Sun Jul 20 04:06:09 2025] Detected PIPT I-cache on CPU1
[Sun Jul 20 04:06:09 2025] GICv3: CPU1: found redistributor 1 region 0:0x00000000f02a0000
[Sun Jul 20 04:06:09 2025] CPU1: Booted secondary processor 0x0000000001 [0x411fd073]
[Sun Jul 20 04:06:09 2025] Detected PIPT I-cache on CPU2
[Sun Jul 20 04:06:09 2025] GICv3: CPU2: found redistributor 2 region 0:0x00000000f02c0000
[Sun Jul 20 04:06:09 2025] CPU2: Booted secondary processor 0x0000000002 [0x411fd073]
[Sun Jul 20 04:06:09 2025] Detected PIPT I-cache on CPU3
[Sun Jul 20 04:06:09 2025] GICv3: CPU3: found redistributor 3 region 0:0x00000000f02e0000
[Sun Jul 20 04:06:09 2025] CPU3: Booted secondary processor 0x0000000003 [0x411fd073]
[Sun Jul 20 04:06:09 2025] smp: Brought up 1 node, 4 CPUs
[Sun Jul 20 04:06:09 2025] SMP: Total of 4 processors activated.
[Sun Jul 20 04:06:09 2025] CPU features: detected: GIC system register CPU interface
[Sun Jul 20 04:06:09 2025] CPU features: detected: 32-bit EL0 Support
[Sun Jul 20 04:06:09 2025] CPU: All CPU(s) started at EL2
[Sun Jul 20 04:06:09 2025] alternatives: patching kernel code
[Sun Jul 20 04:06:09 2025] devtmpfs: initialized
[Sun Jul 20 04:06:09 2025] clocksource: jiffies: mask: 0xffffffff max_cycles: 0xffffffff, max_idle_ns: 19112604462750000 ns
[Sun Jul 20 04:06:09 2025] futex hash table entries: 1024 (order: 4, 65536 bytes)
[Sun Jul 20 04:06:09 2025] DMI not present or invalid.
[Sun Jul 20 04:06:09 2025] NET: Registered protocol family 16
[Sun Jul 20 04:06:09 2025] cpuidle: using governor ladder
[Sun Jul 20 04:06:09 2025] cpuidle: using governor menu
[Sun Jul 20 04:06:09 2025] DMA: preallocated 256 KiB pool for atomic allocations
[Sun Jul 20 04:06:09 2025] Initializing Peripheral Bus System - PBS
[Sun Jul 20 04:06:09 2025] HugeTLB registered 2.00 MiB page size, pre-allocated 0 pages
[Sun Jul 20 04:06:09 2025] vgaarb: loaded
[Sun Jul 20 04:06:09 2025] SCSI subsystem initialized
[Sun Jul 20 04:06:09 2025] libata version 3.00 loaded.
[Sun Jul 20 04:06:09 2025] usbcore: registered new interface driver usbfs
[Sun Jul 20 04:06:09 2025] usbcore: registered new interface driver hub
[Sun Jul 20 04:06:09 2025] usbcore: registered new device driver usb
[Sun Jul 20 04:06:09 2025] pps_core: LinuxPPS API ver. 1 registered
[Sun Jul 20 04:06:09 2025] pps_core: Software ver. 5.3.6 - Copyright 2005-2007 Rodolfo Giometti <giometti@linux.it>
[Sun Jul 20 04:06:09 2025] PTP clock support registered
[Sun Jul 20 04:06:09 2025] EDAC MC: Ver: 3.0.0
[Sun Jul 20 04:06:09 2025] Advanced Linux Sound Architecture Driver Initialized.
[Sun Jul 20 04:06:09 2025] Bluetooth: Core ver 2.22
[Sun Jul 20 04:06:09 2025] NET: Registered protocol family 31
[Sun Jul 20 04:06:09 2025] Bluetooth: HCI device and connection manager initialized
[Sun Jul 20 04:06:09 2025] Bluetooth: HCI socket layer initialized
[Sun Jul 20 04:06:09 2025] Bluetooth: L2CAP socket layer initialized
[Sun Jul 20 04:06:09 2025] Bluetooth: SCO socket layer initialized
[Sun Jul 20 04:06:09 2025] clocksource: Switched to clocksource arch_sys_counter
[Sun Jul 20 04:06:09 2025] NET: Registered protocol family 2
[Sun Jul 20 04:06:09 2025] tcp_listen_portaddr_hash hash table entries: 2048 (order: 3, 32768 bytes)
[Sun Jul 20 04:06:09 2025] TCP established hash table entries: 32768 (order: 6, 262144 bytes)
[Sun Jul 20 04:06:09 2025] TCP bind hash table entries: 32768 (order: 7, 524288 bytes)
[Sun Jul 20 04:06:09 2025] TCP: Hash tables configured (established 32768 bind 32768)
[Sun Jul 20 04:06:09 2025] UDP hash table entries: 2048 (order: 4, 65536 bytes)
[Sun Jul 20 04:06:09 2025] UDP-Lite hash table entries: 2048 (order: 4, 65536 bytes)
[Sun Jul 20 04:06:09 2025] NET: Registered protocol family 1
[Sun Jul 20 04:06:09 2025] PCI: CLS 0 bytes, default 64
[Sun Jul 20 04:06:09 2025] Unpacking initramfs...
[Sun Jul 20 04:06:09 2025] Freeing initrd memory: 8500K
[Sun Jul 20 04:06:09 2025] Initialise system trusted key<FILTERED>
[Sun Jul 20 04:06:09 2025] workingset: timestamp_bits=46 max_order=20 bucket_order=0
[Sun Jul 20 04:06:09 2025] key <FILTERED> asymmetric registered
[Sun Jul 20 04:06:09 2025] Asymmetric key <FILTERED> 'x509' registered
[Sun Jul 20 04:06:09 2025] Block layer SCSI generic (bsg) driver version 0.4 loaded (major 249)
[Sun Jul 20 04:06:09 2025] io scheduler noop registered
[Sun Jul 20 04:06:09 2025] io scheduler deadline registered
[Sun Jul 20 04:06:09 2025] io scheduler cfq registered (default)
[Sun Jul 20 04:06:09 2025] pl061_gpio fd887000.gpio0: PL061 GPIO chip @0x00000000fd887000 registered
[Sun Jul 20 04:06:09 2025] pl061_gpio fd888000.gpio1: PL061 GPIO chip @0x00000000fd888000 registered
[Sun Jul 20 04:06:09 2025] pl061_gpio fd889000.gpio2: PL061 GPIO chip @0x00000000fd889000 registered
[Sun Jul 20 04:06:09 2025] pl061_gpio fd88a000.gpio3: PL061 GPIO chip @0x00000000fd88a000 registered
[Sun Jul 20 04:06:09 2025] pl061_gpio fd88b000.gpio4: PL061 GPIO chip @0x00000000fd88b000 registered
[Sun Jul 20 04:06:09 2025] pl061_gpio fd897000.gpio5: PL061 GPIO chip @0x00000000fd897000 registered
[Sun Jul 20 04:06:09 2025] al-sgpo fd8b4000.sgpo: Alpine SGPO driver probed.
[Sun Jul 20 04:06:09 2025] al-internal-pcie fbc00000.pcie-internal: host bridge /soc/pcie-internal ranges:
[Sun Jul 20 04:06:09 2025] al-internal-pcie fbc00000.pcie-internal:   MEM 0xfe000000..0xfeffffff -> 0xfe000000
[Sun Jul 20 04:06:09 2025] al-internal-pcie fbc00000.pcie-internal: PCI host bridge to bus 0000:00
[Sun Jul 20 04:06:09 2025] pci_bus 0000:00: root bus resource [bus 00]
[Sun Jul 20 04:06:09 2025] pci_bus 0000:00: root bus resource [mem 0xfe000000-0xfeffffff]
[Sun Jul 20 04:06:09 2025] pci 0000:00:00.0: [1c36:0002] type 00 class 0x020000
[Sun Jul 20 04:06:09 2025] pci 0000:00:00.0: reg 0x10: [mem 0xfe000000-0xfe01ffff 64bit]
[Sun Jul 20 04:06:09 2025] pci 0000:00:00.0: reg 0x18: [mem 0xfe020000-0xfe020fff 64bit]
[Sun Jul 20 04:06:09 2025] pci 0000:00:00.0: reg 0x20: [mem 0xfe030000-0xfe03ffff 64bit]
[Sun Jul 20 04:06:09 2025] pci 0000:00:00.0: PME# supported from D3hot D3cold
[Sun Jul 20 04:06:09 2025] pci 0000:00:00.0: reg 0x324: [mem 0x00000000-0x0001ffff 64bit]
[Sun Jul 20 04:06:09 2025] pci 0000:00:00.0: VF(n) BAR0 space: [mem 0x00000000-0x0005ffff 64bit] (contains BAR0 for 3 VFs)
[Sun Jul 20 04:06:09 2025] pci 0000:00:01.0: [1c36:0001] type 00 class 0x020000
[Sun Jul 20 04:06:09 2025] pci 0000:00:01.0: reg 0x10: [mem 0xfe040000-0xfe05ffff 64bit]
[Sun Jul 20 04:06:09 2025] pci 0000:00:01.0: reg 0x18: [mem 0xfe060000-0xfe060fff 64bit]
[Sun Jul 20 04:06:09 2025] pci 0000:00:01.0: reg 0x20: [mem 0xfe064000-0xfe067fff 64bit]
[Sun Jul 20 04:06:09 2025] pci 0000:00:01.0: PME# supported from D3hot D3cold
[Sun Jul 20 04:06:09 2025] pci 0000:00:02.0: [1c36:0002] type 00 class 0x020000
[Sun Jul 20 04:06:09 2025] pci 0000:00:02.0: reg 0x10: [mem 0xfe080000-0xfe09ffff 64bit]
[Sun Jul 20 04:06:09 2025] pci 0000:00:02.0: reg 0x18: [mem 0xfe0a0000-0xfe0a0fff 64bit]
[Sun Jul 20 04:06:09 2025] pci 0000:00:02.0: reg 0x20: [mem 0xfe0b0000-0xfe0bffff 64bit]
[Sun Jul 20 04:06:09 2025] pci 0000:00:02.0: PME# supported from D3hot D3cold
[Sun Jul 20 04:06:09 2025] pci 0000:00:02.0: reg 0x324: [mem 0x00000000-0x0001ffff 64bit]
[Sun Jul 20 04:06:09 2025] pci 0000:00:02.0: VF(n) BAR0 space: [mem 0x00000000-0x0005ffff 64bit] (contains BAR0 for 3 VFs)
[Sun Jul 20 04:06:09 2025] pci 0000:00:03.0: [1c36:0001] type 00 class 0x020000
[Sun Jul 20 04:06:09 2025] pci 0000:00:03.0: reg 0x10: [mem 0xfe0c0000-0xfe0dffff 64bit]
[Sun Jul 20 04:06:09 2025] pci 0000:00:03.0: reg 0x18: [mem 0xfe0e0000-0xfe0e0fff 64bit]
[Sun Jul 20 04:06:09 2025] pci 0000:00:03.0: reg 0x20: [mem 0xfe0e4000-0xfe0e7fff 64bit]
[Sun Jul 20 04:06:09 2025] pci 0000:00:03.0: PME# supported from D3hot D3cold
[Sun Jul 20 04:06:09 2025] pci 0000:00:04.0: [1c36:0022] type 00 class 0x100000
[Sun Jul 20 04:06:09 2025] pci 0000:00:04.0: reg 0x10: [mem 0xfe100000-0xfe11ffff 64bit]
[Sun Jul 20 04:06:09 2025] pci 0000:00:04.0: reg 0x20: [mem 0xfe120000-0xfe12ffff 64bit]
[Sun Jul 20 04:06:09 2025] pci 0000:00:04.0: PME# supported from D3hot D3cold
[Sun Jul 20 04:06:09 2025] pci 0000:00:04.0: reg 0x324: [mem 0x00000000-0x0001ffff 64bit]
[Sun Jul 20 04:06:09 2025] pci 0000:00:04.0: VF(n) BAR0 space: [mem 0x00000000-0x0001ffff 64bit] (contains BAR0 for 1 VFs)
[Sun Jul 20 04:06:09 2025] pci 0000:00:05.0: [1c36:0022] type 00 class 0x010400
[Sun Jul 20 04:06:09 2025] pci 0000:00:05.0: reg 0x10: [mem 0xfe140000-0xfe15ffff 64bit]
[Sun Jul 20 04:06:09 2025] pci 0000:00:05.0: reg 0x20: [mem 0xfe160000-0xfe16ffff 64bit]
[Sun Jul 20 04:06:09 2025] pci 0000:00:05.0: PME# supported from D3hot D3cold
[Sun Jul 20 04:06:09 2025] pci 0000:00:05.0: reg 0x324: [mem 0x00000000-0x0001ffff 64bit]
[Sun Jul 20 04:06:09 2025] pci 0000:00:05.0: VF(n) BAR0 space: [mem 0x00000000-0x0001ffff 64bit] (contains BAR0 for 1 VFs)
[Sun Jul 20 04:06:09 2025] pci 0000:00:08.0: [1c36:0031] type 00 class 0x010601
[Sun Jul 20 04:06:09 2025] pci 0000:00:08.0: reg 0x24: [mem 0xfe170000-0xfe173fff]
[Sun Jul 20 04:06:09 2025] pci 0000:00:08.0: PME# supported from D3hot D3cold
[Sun Jul 20 04:06:09 2025] pci 0000:00:00.0: BAR 0: assigned [mem 0xfe000000-0xfe01ffff 64bit]
[Sun Jul 20 04:06:09 2025] pci 0000:00:00.0: BAR 7: assigned [mem 0xfe020000-0xfe07ffff 64bit]
[Sun Jul 20 04:06:09 2025] pci 0000:00:01.0: BAR 0: assigned [mem 0xfe080000-0xfe09ffff 64bit]
[Sun Jul 20 04:06:09 2025] pci 0000:00:02.0: BAR 0: assigned [mem 0xfe0a0000-0xfe0bffff 64bit]
[Sun Jul 20 04:06:09 2025] pci 0000:00:02.0: BAR 7: assigned [mem 0xfe0c0000-0xfe11ffff 64bit]
[Sun Jul 20 04:06:09 2025] pci 0000:00:03.0: BAR 0: assigned [mem 0xfe120000-0xfe13ffff 64bit]
[Sun Jul 20 04:06:09 2025] pci 0000:00:04.0: BAR 0: assigned [mem 0xfe140000-0xfe15ffff 64bit]
[Sun Jul 20 04:06:09 2025] pci 0000:00:04.0: BAR 7: assigned [mem 0xfe160000-0xfe17ffff 64bit]
[Sun Jul 20 04:06:09 2025] pci 0000:00:05.0: BAR 0: assigned [mem 0xfe180000-0xfe19ffff 64bit]
[Sun Jul 20 04:06:09 2025] pci 0000:00:05.0: BAR 7: assigned [mem 0xfe1a0000-0xfe1bffff 64bit]
[Sun Jul 20 04:06:09 2025] pci 0000:00:00.0: BAR 4: assigned [mem 0xfe1c0000-0xfe1cffff 64bit]
[Sun Jul 20 04:06:09 2025] pci 0000:00:02.0: BAR 4: assigned [mem 0xfe1d0000-0xfe1dffff 64bit]
[Sun Jul 20 04:06:09 2025] pci 0000:00:04.0: BAR 4: assigned [mem 0xfe1e0000-0xfe1effff 64bit]
[Sun Jul 20 04:06:09 2025] pci 0000:00:05.0: BAR 4: assigned [mem 0xfe1f0000-0xfe1fffff 64bit]
[Sun Jul 20 04:06:09 2025] pci 0000:00:01.0: BAR 4: assigned [mem 0xfe200000-0xfe203fff 64bit]
[Sun Jul 20 04:06:09 2025] pci 0000:00:03.0: BAR 4: assigned [mem 0xfe204000-0xfe207fff 64bit]
[Sun Jul 20 04:06:09 2025] pci 0000:00:08.0: BAR 5: assigned [mem 0xfe208000-0xfe20bfff]
[Sun Jul 20 04:06:09 2025] pci 0000:00:00.0: BAR 2: assigned [mem 0xfe20c000-0xfe20cfff 64bit]
[Sun Jul 20 04:06:09 2025] pci 0000:00:01.0: BAR 2: assigned [mem 0xfe20d000-0xfe20dfff 64bit]
[Sun Jul 20 04:06:09 2025] pci 0000:00:02.0: BAR 2: assigned [mem 0xfe20e000-0xfe20efff 64bit]
[Sun Jul 20 04:06:09 2025] pci 0000:00:03.0: BAR 2: assigned [mem 0xfe20f000-0xfe20ffff 64bit]
[Sun Jul 20 04:06:09 2025] al-external-pcie fd800000.pcie-external0: host bridge /soc/pcie-external0 ranges:
[Sun Jul 20 04:06:09 2025] al-external-pcie fd800000.pcie-external0:   err 0xfb600000..0xfb6fffff -> 0xfb600000
[Sun Jul 20 04:06:09 2025] al-external-pcie fd800000.pcie-external0:    IO 0xc0000000..0xc000ffff -> 0x00010000
[Sun Jul 20 04:06:09 2025] al-external-pcie fd800000.pcie-external0:   MEM 0xc0010000..0xc7ffffff -> 0xc0010000
[Sun Jul 20 04:06:09 2025] al-external-pcie fd800000.pcie-external0: link up: speed Gen 2 width x1
[Sun Jul 20 04:06:09 2025] al-external-pcie fd800000.pcie-external0: link up: speed Gen 2 width x1
[Sun Jul 20 04:06:09 2025] PCIe 0: setting OB iATU even after link is started
[Sun Jul 20 04:06:09 2025] al-external-pcie fd800000.pcie-external0: PCI host bridge to bus 0001:00
[Sun Jul 20 04:06:09 2025] pci_bus 0001:00: root bus resource [bus 00-ff]
[Sun Jul 20 04:06:09 2025] pci_bus 0001:00: root bus resource [??? 0xfb600000-0xfb6fffff flags 0x0]
[Sun Jul 20 04:06:09 2025] pci_bus 0001:00: root bus resource [io  0x0000-0xffff] (bus address [0x10000-0x1ffff])
[Sun Jul 20 04:06:09 2025] pci_bus 0001:00: root bus resource [mem 0xc0010000-0xc7ffffff]
[Sun Jul 20 04:06:09 2025] pci 0001:00:00.0: [1c36:0031] type 01 class 0x060400
[Sun Jul 20 04:06:09 2025] pci 0001:00:00.0: reg 0x10: [mem 0x00000000-0x000fffff]
[Sun Jul 20 04:06:09 2025] pci 0001:00:00.0: reg 0x14: [mem 0x00000000-0x0000ffff]
[Sun Jul 20 04:06:09 2025] pci 0001:00:00.0: reg 0x38: [mem 0x00000000-0x0000ffff pref]
[Sun Jul 20 04:06:09 2025] pci 0001:00:00.0: supports D1
[Sun Jul 20 04:06:09 2025] pci 0001:00:00.0: PME# supported from D0 D1 D3hot
[Sun Jul 20 04:06:09 2025] pci 0001:00:00.0: bridge configuration invalid ([bus 00-00]), reconfiguring
[Sun Jul 20 04:06:09 2025] pci 0001:01:00.0: [1b21:3042] type 00 class 0x0c0330
[Sun Jul 20 04:06:09 2025] pci 0001:01:00.0: reg 0x10: [mem 0xc0000000-0xc0007fff 64bit]
[Sun Jul 20 04:06:09 2025] pci 0001:01:00.0: enabling Extended Tags
[Sun Jul 20 04:06:09 2025] pci 0001:01:00.0: PME# supported from D0 D3hot D3cold
[Sun Jul 20 04:06:09 2025] pci 0001:01:00.0: 4.000 Gb/s available PCIe bandwidth, limited by 5 GT/s x1 link at 0001:00:00.0 (capable of 15.752 Gb/s with 8 GT/s x2 link)
[Sun Jul 20 04:06:09 2025] pci_bus 0001:01: busn_res: [bus 01-ff] end is updated to 01
[Sun Jul 20 04:06:09 2025] pci 0001:00:00.0: BAR 0: assigned [mem 0xc0100000-0xc01fffff]
[Sun Jul 20 04:06:09 2025] pci 0001:00:00.0: BAR 14: assigned [mem 0xc0200000-0xc02fffff]
[Sun Jul 20 04:06:09 2025] pci 0001:00:00.0: BAR 1: assigned [mem 0xc0010000-0xc001ffff]
[Sun Jul 20 04:06:09 2025] pci 0001:00:00.0: BAR 6: assigned [mem 0xc0020000-0xc002ffff pref]
[Sun Jul 20 04:06:09 2025] pci 0001:01:00.0: BAR 0: assigned [mem 0xc0200000-0xc0207fff 64bit]
[Sun Jul 20 04:06:09 2025] pci 0001:00:00.0: PCI bridge to [bus 01]
[Sun Jul 20 04:06:09 2025] pci 0001:00:00.0:   bridge window [mem 0xc0200000-0xc02fffff]
[Sun Jul 20 04:06:09 2025] pci 0001:00:00.0: Max Payload Size set to  256/ 256 (was  128), Max Read Rq  256
[Sun Jul 20 04:06:09 2025] pci 0001:01:00.0: Max Payload Size set to  256/ 512 (was  128), Max Read Rq  256
[Sun Jul 20 04:06:09 2025] pci 0001:00:00.0: AL PCIe bridge quirk detected, disable MSI(X)
[Sun Jul 20 04:06:09 2025] al_dma: Annapurna Labs DMA Driver 0.01
[Sun Jul 20 04:06:09 2025] al_dma 0000:00:05.0: writing to VF config space
[Sun Jul 20 04:06:09 2025] al_dma 0000:00:05.0: enabling device (0000 -> 0002)
[Sun Jul 20 04:06:09 2025] pci 0000:00:05.1: [1c36:8022] type 00 class 0x010400
[Sun Jul 20 04:06:09 2025] al_dma 0000:00:05.1: enabling device (0400 -> 0402)
[Sun Jul 20 04:06:09 2025] al_ssm_dma_init_aux: non optimal adapter configuration
[Sun Jul 20 04:06:09 2025] Serial: 8250/16550 driver, 4 ports, IRQ sharing enabled
[Sun Jul 20 04:06:09 2025] console [ttyS0] disabled
[Sun Jul 20 04:06:09 2025] fd883000.uart0: ttyS0 at MMIO 0xfd883000 (irq = 23, base_baud = 31250000) is a 16550A
[Sun Jul 20 04:06:10 2025] console [ttyS0] enabled
[Sun Jul 20 04:06:10 2025] fd884000.uart1: ttyS1 at MMIO 0xfd884000 (irq = 24, base_baud = 31250000) is a 16550A
[Sun Jul 20 04:06:10 2025] fd885000.uart2: ttyS2 at MMIO 0xfd885000 (irq = 25, base_baud = 31250000) is a 16550A
[Sun Jul 20 04:06:10 2025] [DEBUG] boot_carrier = 4
[Sun Jul 20 04:06:10 2025] ahci 0000:00:08.0: version 3.0
[Sun Jul 20 04:06:10 2025] ahci 0000:00:08.0: enabling device (0000 -> 0002)
[Sun Jul 20 04:06:10 2025] ahci 0000:00:08.0: controller can't do PMP, turning off CAP_PMP
[Sun Jul 20 04:06:10 2025] ahci 0000:00:08.0: SSS flag set, parallel bus scan disabled
[Sun Jul 20 04:06:10 2025] ahci 0000:00:08.0: AHCI 0001.0300 32 slots 4 ports 6 Gbps 0xf impl SATA mode
[Sun Jul 20 04:06:10 2025] ahci 0000:00:08.0: flags: 64bit ncq sntf stag pm led clo only fbs pio slum part ccc apst 
[Sun Jul 20 04:06:10 2025] ahci 0000:00:08.0: both AHCI_HFLAG_MULTI_MSI flag set and custom irq handler implemented
[Sun Jul 20 04:06:10 2025] scsi host0: ahci
[Sun Jul 20 04:06:10 2025] scsi host1: ahci
[Sun Jul 20 04:06:10 2025] scsi host2: ahci
[Sun Jul 20 04:06:10 2025] scsi host3: ahci
[Sun Jul 20 04:06:10 2025] ata1: SATA max UDMA/133 abar m16384@0xfe208000 port 0xfe208100 irq 31
[Sun Jul 20 04:06:10 2025] ata2: SATA max UDMA/133 abar m16384@0xfe208000 port 0xfe208180 irq 32
[Sun Jul 20 04:06:10 2025] ata3: SATA max UDMA/133 abar m16384@0xfe208000 port 0xfe208200 irq 33
[Sun Jul 20 04:06:11 2025] ata4: SATA max UDMA/133 abar m16384@0xfe208000 port 0xfe208280 irq 34
[Sun Jul 20 04:06:11 2025] ahci 0001:00:00.0: writing to VF config space
[Sun Jul 20 04:06:11 2025] ahci: probe of 0001:00:00.0 failed with error -22
[Sun Jul 20 04:06:11 2025] m25p80 spi0.0: found mx25u6435f, expected spi_flash_jedec_detection
[Sun Jul 20 04:06:11 2025] ata1: SATA link down (SStatus 4 SControl 300)
[Sun Jul 20 04:06:11 2025] m25p80 spi0.0: mx25u6435f (8192 Kbytes)
[Sun Jul 20 04:06:11 2025] 6 fixed-partitions partitions found on MTD device spi0.0
[Sun Jul 20 04:06:11 2025] ata2: SATA link down (SStatus 4 SControl 300)
[Sun Jul 20 04:06:11 2025] Creating 6 MTD partitions on "spi0.0":
[Sun Jul 20 04:06:11 2025] 0x000000000000-0x0000001c0000 : "u-boot"
[Sun Jul 20 04:06:11 2025] ata3: SATA link down (SStatus 4 SControl 300)
[Sun Jul 20 04:06:11 2025] 0x0000001c0000-0x0000001d0000 : "u-boot env"
[Sun Jul 20 04:06:11 2025] ata4: SATA link down (SStatus 4 SControl 300)
[Sun Jul 20 04:06:11 2025] 0x0000001d0000-0x0000001e0000 : "u-boot env redundant"
[Sun Jul 20 04:06:11 2025] 0x0000001e0000-0x0000001f0000 : "Factory"
[Sun Jul 20 04:06:11 2025] 0x0000001f0000-0x000000200000 : "EEPROM"
[Sun Jul 20 04:06:11 2025] 0x000000200000-0x000000800000 : "config"
[Sun Jul 20 04:06:11 2025] libphy: Fixed MDIO Bus: probed
[Sun Jul 20 04:06:11 2025] tun: Universal TUN/TAP device driver, 1.6
[Sun Jul 20 04:06:11 2025] al_eth_drv: Initializing Peripheral Bus System (PBS) resources
[Sun Jul 20 04:06:11 2025] al_eth 0000:00:00.0: writing to VF config space
[Sun Jul 20 04:06:11 2025] al_eth 0000:00:00.0: AnnapurnaLabs unified 1GbE/10GbE/25GbE Ethernet Driver with SR-IOV al_eth v3.5.3 (Mar 14, 2019)
[Sun Jul 20 04:06:11 2025] al_eth 0000:00:00.0: driver_data is 0x0
[Sun Jul 20 04:06:11 2025] al_eth 0000:00:00.0: eth rev_id 3 (orig_rev_id 3) dev_id 2
[Sun Jul 20 04:06:11 2025] al_eth_drv: SFP GPIOs initialized successfully
[Sun Jul 20 04:06:11 2025] al_eth 0000:00:00.0: Board info: phy exist No. phy addr 0. mdio freq 2500 Khz. SFP connected Yes. media 5
[Sun Jul 20 04:06:11 2025] al_eth 0000:00:00.0 eth0: AnnapurnaLabs unified 1Gbe/10Gbe/25Gbe integrated found at mem fe000000, mac addr 9c:05:d6:4a:39:c2
[Sun Jul 20 04:06:11 2025] al_eth 0000:00:01.0: writing to VF config space
[Sun Jul 20 04:06:11 2025] al_eth 0000:00:01.0: driver_data is 0x0
[Sun Jul 20 04:06:11 2025] al_eth 0000:00:01.0: eth rev_id 2 (orig_rev_id 2) dev_id 1
[Sun Jul 20 04:06:11 2025] al_eth 0000:00:01.0 (unnamed net_device) (uninitialized): Unable to find matching node (leds)
[Sun Jul 20 04:06:11 2025] al_eth 0000:00:01.0: Board info: phy exist Yes. phy addr 4. mdio freq 2500 Khz. SFP connected No. media 1
[Sun Jul 20 04:06:11 2025] al_eth 0000:00:01.0 eth1: AnnapurnaLabs unified 1Gbe/10Gbe/25Gbe integrated found at mem fe080000, mac addr 42:5f:7c:6b:40:18
[Sun Jul 20 04:06:11 2025] libphy: alpine_mdio_shared: probed
[Sun Jul 20 04:06:11 2025] al_eth 0000:00:01.0 eth1: phy[4]: device alpine_mdio_shared_8:04, driver RTL8211F Gigabit Ethernet
[Sun Jul 20 04:06:11 2025] al_eth 0000:00:01.0 eth1: phy[4]:supported 62ef adv 62ef
[Sun Jul 20 04:06:11 2025] al_eth 0000:00:02.0: writing to VF config space
[Sun Jul 20 04:06:11 2025] al_eth 0000:00:02.0: driver_data is 0x0
[Sun Jul 20 04:06:11 2025] al_eth 0000:00:02.0: eth rev_id 3 (orig_rev_id 3) dev_id 2
[Sun Jul 20 04:06:11 2025] al_eth_drv: SFP GPIOs initialized successfully
[Sun Jul 20 04:06:11 2025] al_eth 0000:00:02.0: Board info: phy exist No. phy addr 0. mdio freq 2500 Khz. SFP connected Yes. media 5
[Sun Jul 20 04:06:11 2025] al_eth 0000:00:02.0 eth2: AnnapurnaLabs unified 1Gbe/10Gbe/25Gbe integrated found at mem fe0a0000, mac addr 9c:05:d6:4a:39:c3
[Sun Jul 20 04:06:11 2025] al_eth 0000:00:03.0: writing to VF config space
[Sun Jul 20 04:06:11 2025] al_eth 0000:00:03.0: driver_data is 0x0
[Sun Jul 20 04:06:11 2025] al_eth 0000:00:03.0: eth rev_id 2 (orig_rev_id 2) dev_id 1
[Sun Jul 20 04:06:11 2025] al_eth 0000:00:03.0 (unnamed net_device) (uninitialized): Unable to find matching node (leds)
[Sun Jul 20 04:06:11 2025] al_eth 0000:00:03.0: Board info: phy exist Yes. phy addr 17. mdio freq 2500 Khz. SFP connected No. media 1
[Sun Jul 20 04:06:11 2025] al_eth 0000:00:03.0 eth3: AnnapurnaLabs unified 1Gbe/10Gbe/25Gbe integrated found at mem fe120000, mac addr 9c:05:d6:4a:39:c1
[Sun Jul 20 04:06:11 2025] al_eth 0000:00:01.0 eth1: MDIO read failed on timeout
[Sun Jul 20 04:06:11 2025] al_eth 0000:00:03.0 eth3: al_mod_eth_mdiobus_setup: cannot get phy device - auto probing failed.
[Sun Jul 20 04:06:12 2025] Setting 0 to s 0 m 0 rx 0 tx 0
[Sun Jul 20 04:06:12 2025] Setting 1 to s 2 m 1 rx 6 tx 1
[Sun Jul 20 04:06:12 2025] switch0: RTL8370B switch registered on alpine_mdio_shared_8
[Sun Jul 20 04:06:12 2025] al_eth 0000:00:03.0 eth3: phy[17]: device alpine_mdio_shared_8:11, driver Realtek RTL8370MB
[Sun Jul 20 04:06:12 2025] al_eth 0000:00:03.0 eth3: phy[17]:supported 62ef adv 62ef
[Sun Jul 20 04:06:12 2025] ehci_hcd: USB 2.0 'Enhanced' Host Controller (EHCI) Driver
[Sun Jul 20 04:06:12 2025] ehci-pci: EHCI PCI platform driver
[Sun Jul 20 04:06:12 2025] ehci-platform: EHCI generic platform driver
[Sun Jul 20 04:06:12 2025] ohci_hcd: USB 1.1 'Open' Host Controller (OHCI) Driver
[Sun Jul 20 04:06:12 2025] ohci-pci: OHCI PCI platform driver
[Sun Jul 20 04:06:12 2025] uhci_hcd: USB Universal Host Controller Interface driver
[Sun Jul 20 04:06:12 2025] xhci_hcd 0001:01:00.0: xHCI Host Controller
[Sun Jul 20 04:06:12 2025] xhci_hcd 0001:01:00.0: new USB bus registered, assigned bus number 1
[Sun Jul 20 04:06:13 2025] xhci_hcd 0001:01:00.0: hcc params 0x0200ef81 hci version 0x110 quirks 0x0000000000000410
[Sun Jul 20 04:06:13 2025] hub 1-0:1.0: USB hub found
[Sun Jul 20 04:06:13 2025] hub 1-0:1.0: 2 ports detected
[Sun Jul 20 04:06:13 2025] xhci_hcd 0001:01:00.0: xHCI Host Controller
[Sun Jul 20 04:06:13 2025] xhci_hcd 0001:01:00.0: new USB bus registered, assigned bus number 2
[Sun Jul 20 04:06:13 2025] xhci_hcd 0001:01:00.0: Host supports USB 3.1 Enhanced SuperSpeed
[Sun Jul 20 04:06:13 2025] usb usb2: We don't know the algorithms for LPM for this host, disabling LPM.
[Sun Jul 20 04:06:13 2025] hub 2-0:1.0: USB hub found
[Sun Jul 20 04:06:13 2025] hub 2-0:1.0: 2 ports detected
[Sun Jul 20 04:06:13 2025] usbcore: registered new interface driver cdc_acm
[Sun Jul 20 04:06:13 2025] cdc_acm: USB Abstract Control Model driver for USB modems and ISDN adapters
[Sun Jul 20 04:06:13 2025] usbcore: registered new interface driver usb-storage
[Sun Jul 20 04:06:13 2025] usbcore: registered new interface driver cp210x
[Sun Jul 20 04:06:13 2025] usbserial: USB Serial support registered for cp210x
[Sun Jul 20 04:06:13 2025] mousedev: PS/2 mouse device common for all mice
[Sun Jul 20 04:06:13 2025] i2c /dev entries driver
[Sun Jul 20 04:06:13 2025] rtc-s35390a 1-0030: rtc core: registered rtc-s35390a as rtc0
[Sun Jul 20 04:06:13 2025] i2c i2c-0: Added multiplexed i2c bus 1
[Sun Jul 20 04:06:13 2025] i2c i2c-0: Added multiplexed i2c bus 2
[Sun Jul 20 04:06:13 2025] i2c i2c-0: Added multiplexed i2c bus 3
[Sun Jul 20 04:06:13 2025] i2c i2c-0: Added multiplexed i2c bus 4
[Sun Jul 20 04:06:13 2025] pca954x 0-0071: registered 4 multiplexed busses for I2C switch pca9546
[Sun Jul 20 04:06:13 2025] adt7475 4-002e: hwmon_device_register() is deprecated. Please convert the driver to use hwmon_device_register_with_info().
[Sun Jul 20 04:06:13 2025] adt7475 4-002e: ADT7475 device, revision 1
[Sun Jul 20 04:06:13 2025] adt7475 4-002e: Optional features: fan4 pwm2
[Sun Jul 20 04:06:13 2025] random: fast init done
[Sun Jul 20 04:06:13 2025] al_thermal_probe: Thermal Sensor Loaded
[Sun Jul 20 04:06:13 2025] sp805-wdt fd88c000.wdt0: registration successful
[Sun Jul 20 04:06:13 2025] Bluetooth: HCI UART driver ver 2.3
[Sun Jul 20 04:06:13 2025] Bluetooth: HCI UART protocol H4 registered
[Sun Jul 20 04:06:13 2025] Bluetooth: HCI UART protocol BCSP registered
[Sun Jul 20 04:06:13 2025] usbcore: registered new interface driver usbhid
[Sun Jul 20 04:06:13 2025] usbhid: USB HID core driver
[Sun Jul 20 04:06:13 2025] usbcore: registered new interface driver snd-usb-audio
[Sun Jul 20 04:06:13 2025] IPVS: Registered protocols ()
[Sun Jul 20 04:06:13 2025] IPVS: Connection hash table configured (size=4096, memory=64Kbytes)
[Sun Jul 20 04:06:13 2025] IPVS: ipvs loaded.
[Sun Jul 20 04:06:13 2025] gre: GRE over IPv4 demultiplexor driver
[Sun Jul 20 04:06:13 2025] ip_gre: GRE over IPv4 tunneling driver
[Sun Jul 20 04:06:13 2025] IPv4 over IPsec tunneling driver
[Sun Jul 20 04:06:13 2025] Initializing XFRM netlink socket
[Sun Jul 20 04:06:13 2025] NET: Registered protocol family 10
[Sun Jul 20 04:06:13 2025] Segment Routing with IPv6
[Sun Jul 20 04:06:13 2025] sit: IPv6, IPv4 and MPLS over IPv4 tunneling driver
[Sun Jul 20 04:06:13 2025] NET: Registered protocol family 17
[Sun Jul 20 04:06:13 2025] NET: Registered protocol family 15
[Sun Jul 20 04:06:13 2025] bridge: filtering via arp/ip/ip6tables is no longer available by default. Update your scripts to load br_netfilter if you need this.
[Sun Jul 20 04:06:13 2025] Bluetooth: RFCOMM socket layer initialized
[Sun Jul 20 04:06:13 2025] Bluetooth: RFCOMM ver 1.11
[Sun Jul 20 04:06:13 2025] Bluetooth: BNEP (Ethernet Emulation) ver 1.3
[Sun Jul 20 04:06:13 2025] Bluetooth: BNEP socket layer initialized
[Sun Jul 20 04:06:13 2025] Bluetooth: HIDP (Human Interface Emulation) ver 1.2
[Sun Jul 20 04:06:13 2025] Bluetooth: HIDP socket layer initialized
[Sun Jul 20 04:06:13 2025] 8021q: 802.1Q VLAN Support v1.8
[Sun Jul 20 04:06:13 2025] registered taskstats version 1
[Sun Jul 20 04:06:13 2025] Loading compiled-in X.509 certificates
[Sun Jul 20 04:06:13 2025] Loaded X.509 cert 'Build time autogenerated kernel key: <FILTERED>'
[Sun Jul 20 04:06:13 2025] key <FILTERED> encrypted registered
[Sun Jul 20 04:06:13 2025] input: soc:gpio_key<FILTERED> as /devices/platform/soc/soc:gpio_key<FILTERED>
[Sun Jul 20 04:06:13 2025] rtc-s35390a 1-0030: setting system clock to 2025-07-20 02:06:14 UTC (1752977174)
[Sun Jul 20 04:06:13 2025] cfg80211: Loading compiled-in X.509 certificates for regulatory database
[Sun Jul 20 04:06:13 2025] usb 1-2: new full-speed USB device number 2 using xhci_hcd
[Sun Jul 20 04:06:13 2025] cfg80211: Loaded X.509 cert 'sforshee: 00b28ddf47aef9cea7'
[Sun Jul 20 04:06:13 2025] ALSA device list:
[Sun Jul 20 04:06:13 2025]   No soundcards found.
[Sun Jul 20 04:06:13 2025] platform regulatory.0: Direct firmware load for regulatory.db failed with error -2
[Sun Jul 20 04:06:13 2025] cfg80211: failed to load regulatory.db
[Sun Jul 20 04:06:13 2025] Freeing unused kernel memory: 448K
[Sun Jul 20 04:06:13 2025] Run /init as init process
[Sun Jul 20 04:06:13 2025] al_eth 0000:00:02.0 eth10: renamed from eth2
[Sun Jul 20 04:06:13 2025] ui_hdd_pwrctl: loading out-of-tree module taints kernel.
[Sun Jul 20 04:06:13 2025] ui-hdd-pwrctl slot-1: name hdd@0, pwren -1, present -1, fault-led 29, pwrfault -1
[Sun Jul 20 04:06:13 2025] ui-hdd-pwrctl soc:hdd_pwrctl-v2: pwren-delay 500, every 1
[Sun Jul 20 04:06:13 2025] al_eth 0000:00:01.0 eth8: renamed from eth1
[Sun Jul 20 04:06:13 2025] cdc_acm 1-2:1.0: ttyACM0: USB ACM device
[Sun Jul 20 04:06:13 2025] al_eth 0000:00:03.0 switch0: renamed from eth3
[Sun Jul 20 04:06:13 2025] usb 2-1: new SuperSpeed Gen 1 USB device number 2 using xhci_hcd
[Sun Jul 20 04:06:13 2025] al_eth 0000:00:00.0 eth9: renamed from eth0
[Sun Jul 20 04:06:13 2025] usb-storage 2-1:1.0: USB Mass Storage device detected
[Sun Jul 20 04:06:13 2025] scsi host4: usb-storage 2-1:1.0
[Sun Jul 20 04:06:14 2025] loop: module loaded
[Sun Jul 20 04:06:14 2025] squashfs: version 4.0 (2009/01/31) Phillip Lougher
[Sun Jul 20 04:06:15 2025] scsi 4:0:0:0: Direct-Access     Generic- SD/MMC/MS/MSPRO  1.00 PQ: 0 ANSI: 6
[Sun Jul 20 04:06:15 2025] Use host(4) as boot carrier
[Sun Jul 20 04:06:15 2025] Use host(4) as boot carrier
[Sun Jul 20 04:06:15 2025] sd 4:0:0:0: [boot] 30535680 512-byte logical blocks: (15.6 GB/14.6 GiB)
[Sun Jul 20 04:06:15 2025] sd 4:0:0:0: [boot] Write Protect is off
[Sun Jul 20 04:06:15 2025] sd 4:0:0:0: [boot] Mode Sense: 2f 00 00 00
[Sun Jul 20 04:06:15 2025] sd 4:0:0:0: [boot] Write cache: disabled, read cache: enabled, doesn't support DPO or FUA
[Sun Jul 20 04:06:15 2025]  boot: boot1 boot2 boot3 boot4 boot5 boot6
[Sun Jul 20 04:06:15 2025] sd 4:0:0:0: [boot] Attached SCSI removable disk
[Sun Jul 20 04:06:16 2025] random: crng init done
[Sun Jul 20 04:06:16 2025] EXT4-fs (mtdblock5): mounted filesystem with ordered data mode. Opts: (null)
[Sun Jul 20 04:06:17 2025] EXT4-fs (boot6): mounted filesystem with ordered data mode. Opts: (null)
[Sun Jul 20 04:06:17 2025] EXT4-fs (boot3): mounted filesystem with ordered data mode. Opts: (null)
[Sun Jul 20 04:06:17 2025] EXT4-fs (boot3): re-mounted. Opts: (null)
[Sun Jul 20 04:06:17 2025] EXT4-fs (boot3): re-mounted. Opts: (null)
[Sun Jul 20 04:06:18 2025] EXT4-fs (boot6): mounted filesystem with ordered data mode. Opts: (null)
[Sun Jul 20 04:06:20 2025] EXT4-fs (boot6): mounted filesystem with ordered data mode. Opts: (null)
[Sun Jul 20 04:06:20 2025] EXT4-fs (boot4): mounted filesystem with ordered data mode. Opts: (null)
[Sun Jul 20 04:06:20 2025] EXT4-fs (boot5): mounted filesystem with ordered data mode. Opts: (null)
[Sun Jul 20 04:06:20 2025] systemd[1]: Failed to find module 'autofs4'
[Sun Jul 20 04:06:20 2025] cgroup: cgroup2: unknown option "memory_recursiveprot"
[Sun Jul 20 04:06:20 2025] systemd[1]: systemd 247.3-7+deb11u6 running in system mode. (+PAM +AUDIT +SELINUX +IMA +APPARMOR +SMACK +SYSVINIT +UTMP +LIBCRYPTSETUP +GCRYPT +GNUTLS +ACL +XZ +LZ4 +ZSTD +SECCOMP +BLKID +ELFUTILS +KMOD +IDN2 -IDN +PCRE2 default-hierarchy=unified)
[Sun Jul 20 04:06:20 2025] systemd[1]: Detected architecture arm64.
[Sun Jul 20 04:06:20 2025] systemd[1]: Set hostname to <patriarkatet-udm>.
[Sun Jul 20 04:06:20 2025] systemd[1]: Queued start job for default target System Finish Bootup.
[Sun Jul 20 04:06:20 2025] systemd[1]: app.slice: unit configures an IP firewall, but the local system does not support BPF/cgroup firewalling.
[Sun Jul 20 04:06:20 2025] systemd[1]: (This warning is only shown for the first unit using IP firewalling.)
[Sun Jul 20 04:06:20 2025] systemd[1]: Created slice App slice.
[Sun Jul 20 04:06:20 2025] systemd[1]: Created slice unifi-network slice.
[Sun Jul 20 04:06:20 2025] systemd[1]: Created slice OS Slice. Memory, CPU and IO restricted.
[Sun Jul 20 04:06:20 2025] systemd[1]: Created slice system-bluetooth\x2dcontroller.slice.
[Sun Jul 20 04:06:20 2025] systemd[1]: Created slice system-getty.slice.
[Sun Jul 20 04:06:20 2025] systemd[1]: Created slice system-modprobe.slice.
[Sun Jul 20 04:06:20 2025] systemd[1]: Created slice system-serial\x2dgetty.slice.
[Sun Jul 20 04:06:21 2025] systemd[1]: Created slice Unifi-OS Slice. Memory, CPU and IO restricted.
[Sun Jul 20 04:06:21 2025] systemd[1]: Created slice user <FILTERED> Session Slice.
[Sun Jul 20 04:06:21 2025] systemd[1]: Started Dispatch password <FILTERED> to Console Directory Watch.
[Sun Jul 20 04:06:21 2025] systemd[1]: Started Forward password <FILTERED> to Wall Directory Watch.
[Sun Jul 20 04:06:21 2025] systemd[1]: Condition check resulted in Arbitrary Executable File Formats File System Automount Point being skipped.
[Sun Jul 20 04:06:21 2025] systemd[1]: Reached target Local Encrypted Volumes.
[Sun Jul 20 04:06:21 2025] systemd[1]: Reached target Paths.
[Sun Jul 20 04:06:21 2025] systemd[1]: Reached target Remote File Systems.
[Sun Jul 20 04:06:21 2025] systemd[1]: Reached target Slices.
[Sun Jul 20 04:06:21 2025] systemd[1]: Reached target TLS tunnels for network services - per-config-file target.
[Sun Jul 20 04:06:21 2025] systemd[1]: Reached target Swap.
[Sun Jul 20 04:06:21 2025] systemd[1]: Listening on initctl Compatibility Named Pipe.
[Sun Jul 20 04:06:21 2025] systemd[1]: Condition check resulted in Journal Audit Socket being skipped.
[Sun Jul 20 04:06:21 2025] systemd[1]: Listening on Journal Socket (/dev/log).
[Sun Jul 20 04:06:21 2025] systemd[1]: Listening on Journal Socket.
[Sun Jul 20 04:06:21 2025] systemd[1]: Listening on Network Service Netlink Socket.
[Sun Jul 20 04:06:21 2025] systemd[1]: Listening on udev Control Socket.
[Sun Jul 20 04:06:21 2025] systemd[1]: Listening on udev Kernel Socket.
[Sun Jul 20 04:06:21 2025] systemd[1]: Mounting Huge Pages File System...
[Sun Jul 20 04:06:21 2025] systemd[1]: Mounting POSIX Message Queue File System...
[Sun Jul 20 04:06:21 2025] systemd[1]: Mounting Kernel Debug File System...
[Sun Jul 20 04:06:21 2025] systemd[1]: Condition check resulted in Kernel Trace File System being skipped.
[Sun Jul 20 04:06:21 2025] systemd[1]: Mounting Temporary Directory (/tmp)...
[Sun Jul 20 04:06:21 2025] systemd[1]: Starting Create list of static device nodes for the current kernel...
[Sun Jul 20 04:06:21 2025] systemd[1]: Starting Load Kernel Module configfs...
[Sun Jul 20 04:06:21 2025] systemd[1]: Starting Load Kernel Module drm...
[Sun Jul 20 04:06:21 2025] systemd[1]: Starting Load Kernel Module fuse...
[Sun Jul 20 04:06:21 2025] systemd[1]: Condition check resulted in Set Up Additional Binary Formats being skipped.
[Sun Jul 20 04:06:21 2025] systemd[1]: Starting Journal Service...
[Sun Jul 20 04:06:22 2025] systemd[1]: Starting Load Kernel Modules...
[Sun Jul 20 04:06:22 2025] systemd[1]: Starting Remount Root and Kernel File Systems...
[Sun Jul 20 04:06:22 2025] pstore: Using compression: deflate
[Sun Jul 20 04:06:22 2025] console [pstore-1] enabled
[Sun Jul 20 04:06:22 2025] pstore: Registered ramoops as persistent store backend
[Sun Jul 20 04:06:22 2025] ramoops: attached 0x200000@0x12000000, ecc: 16/0
[Sun Jul 20 04:06:22 2025] systemd[1]: Starting Coldplug All udev Devices...
[Sun Jul 20 04:06:22 2025] systemd[1]: Started Journal Service.
[Sun Jul 20 04:06:22 2025] ubnt_common: module license 'Proprietary' taints kernel.
[Sun Jul 20 04:06:22 2025] Disabling lock debugging due to kernel taint
[Sun Jul 20 04:06:22 2025] ubnthal: Ubiquiti UniFi Dream Machine PRO
[Sun Jul 20 04:06:22 2025] creating procfs for ubnthal
[Sun Jul 20 04:06:22 2025] creating proc entry for system.info
[Sun Jul 20 04:06:22 2025] creating proc entry for board
[Sun Jul 20 04:06:22 2025] creating procfs for status
[Sun Jul 20 04:06:22 2025] creating proc entry for IsDefault
[Sun Jul 20 04:06:22 2025] creating proc entry for IsLocated
[Sun Jul 20 04:06:22 2025] creating proc entry for IsIsolated
[Sun Jul 20 04:06:22 2025] creating proc entry for IsLte
[Sun Jul 20 04:06:22 2025] creating proc entry for ControllerPort
[Sun Jul 20 04:06:22 2025] creating proc entry for ControllerHost
[Sun Jul 20 04:06:22 2025] creating proc entry for AnonNetAppId
[Sun Jul 20 04:06:22 2025] creating proc entry for MeshStatus
[Sun Jul 20 04:06:22 2025] PPP generic driver version 2.4.2
[Sun Jul 20 04:06:22 2025] wireguard: WireGuard 1.0.20210606-dirty loaded. See www.wireguard.com for information.
[Sun Jul 20 04:06:22 2025] wireguard: Copyright (C) 2015-2019 Jason A. Donenfeld <Jason@zx2c4.com>. All Rights Reserved.
[Sun Jul 20 04:06:22 2025] systemd-journald[539]: Received client request to flush runtime journal.
[Sun Jul 20 04:06:25 2025] EXT4-fs (mtdblock5): mounted filesystem with ordered data mode. Opts: (null)
[Sun Jul 20 04:06:25 2025] zram: Added device: zram0
[Sun Jul 20 04:06:25 2025] zram0: detected capacity change from 0 to 7241166848
[Sun Jul 20 04:06:25 2025] Adding 7071448k swap on /dev/zram0.  Priority:1500 extents:1 across:7071448k SS
[Sun Jul 20 04:06:30 2025] device switch0 entered promiscuous mode
[Sun Jul 20 04:06:36 2025] Bluetooth: hci0: unexpected event for opcode 0x0000
[Sun Jul 20 04:06:42 2025] Configured MAC to RGMII mode
[Sun Jul 20 04:06:42 2025] IPv6: ADDRCONF(NETDEV_UP): switch0: link is not ready
[Sun Jul 20 04:06:42 2025] IPv6: ADDRCONF(NETDEV_UP): switch0.1: link is not ready
[Sun Jul 20 04:06:42 2025] IPv6: ADDRCONF(NETDEV_UP): switch0.2: link is not ready
[Sun Jul 20 04:06:42 2025] IPv6: ADDRCONF(NETDEV_UP): switch0.3: link is not ready
[Sun Jul 20 04:06:42 2025] IPv6: ADDRCONF(NETDEV_UP): switch0.99: link is not ready
[Sun Jul 20 04:06:42 2025] IPv6: ADDRCONF(NETDEV_UP): eth7: link is not ready
[Sun Jul 20 04:06:42 2025] IPv6: ADDRCONF(NETDEV_UP): eth6: link is not ready
[Sun Jul 20 04:06:42 2025] IPv6: ADDRCONF(NETDEV_UP): eth5: link is not ready
[Sun Jul 20 04:06:42 2025] IPv6: ADDRCONF(NETDEV_UP): eth4: link is not ready
[Sun Jul 20 04:06:42 2025] IPv6: ADDRCONF(NETDEV_UP): eth3: link is not ready
[Sun Jul 20 04:06:42 2025] IPv6: ADDRCONF(NETDEV_UP): eth2: link is not ready
[Sun Jul 20 04:06:42 2025] IPv6: ADDRCONF(NETDEV_UP): eth1: link is not ready
[Sun Jul 20 04:06:42 2025] IPv6: ADDRCONF(NETDEV_UP): eth0: link is not ready
[Sun Jul 20 04:06:42 2025] IPv6: ADDRCONF(NETDEV_CHANGE): switch0.1: link becomes ready
[Sun Jul 20 04:06:42 2025] IPv6: ADDRCONF(NETDEV_CHANGE): switch0.2: link becomes ready
[Sun Jul 20 04:06:42 2025] IPv6: ADDRCONF(NETDEV_CHANGE): switch0.3: link becomes ready
[Sun Jul 20 04:06:42 2025] IPv6: ADDRCONF(NETDEV_CHANGE): switch0.99: link becomes ready
[Sun Jul 20 04:06:42 2025] IPv6: ADDRCONF(NETDEV_CHANGE): eth7: link becomes ready
[Sun Jul 20 04:06:42 2025] IPv6: ADDRCONF(NETDEV_CHANGE): eth6: link becomes ready
[Sun Jul 20 04:06:42 2025] IPv6: ADDRCONF(NETDEV_CHANGE): eth5: link becomes ready
[Sun Jul 20 04:06:42 2025] IPv6: ADDRCONF(NETDEV_CHANGE): eth4: link becomes ready
[Sun Jul 20 04:06:42 2025] IPv6: ADDRCONF(NETDEV_CHANGE): eth3: link becomes ready
[Sun Jul 20 04:06:42 2025] IPv6: ADDRCONF(NETDEV_CHANGE): eth2: link becomes ready
[Sun Jul 20 04:06:42 2025] IPv6: ADDRCONF(NETDEV_CHANGE): eth1: link becomes ready
[Sun Jul 20 04:06:42 2025] IPv6: ADDRCONF(NETDEV_CHANGE): eth0: link becomes ready
[Sun Jul 20 04:06:43 2025] IPv6: ADDRCONF(NETDEV_CHANGE): switch0: link becomes ready
[Sun Jul 20 04:06:43 2025] IPv6: ADDRCONF(NETDEV_UP): eth10: link is not ready
[Sun Jul 20 04:06:44 2025] eth [al_mod_eth_3]: set link speed to 1000Mbps. full duplex.
[Sun Jul 20 04:06:44 2025] al_eth 0000:00:03.0 switch0: Link is Up - 1Gbps/Full - flow control off
[Sun Jul 20 04:06:44 2025] Configured MAC to RGMII mode
[Sun Jul 20 04:06:44 2025] IPv6: ADDRCONF(NETDEV_UP): eth8: link is not ready
[Sun Jul 20 04:06:44 2025] eth [al_mod_eth_1]: set link speed to 1000Mbps. full duplex.
[Sun Jul 20 04:06:44 2025] al_eth 0000:00:01.0 eth8: Link is Up - 1Gbps/Full - flow control rx/tx
[Sun Jul 20 04:06:44 2025] IPv6: ADDRCONF(NETDEV_UP): eth9: link is not ready
[Sun Jul 20 04:06:44 2025] br0: port 1(eth10) entered blocking state
[Sun Jul 20 04:06:44 2025] br0: port 1(eth10) entered disabled state
[Sun Jul 20 04:06:44 2025] device eth10 entered promiscuous mode
[Sun Jul 20 04:06:44 2025] br0: port 2(switch0.1) entered blocking state
[Sun Jul 20 04:06:44 2025] br0: port 2(switch0.1) entered disabled state
[Sun Jul 20 04:06:44 2025] device switch0.1 entered promiscuous mode
[Sun Jul 20 04:06:44 2025] br0: port 2(switch0.1) entered blocking state
[Sun Jul 20 04:06:44 2025] br0: port 2(switch0.1) entered forwarding state
[Sun Jul 20 04:06:44 2025] br0: port 1(eth10) entered blocking state
[Sun Jul 20 04:06:44 2025] br0: port 1(eth10) entered forwarding state
[Sun Jul 20 04:06:44 2025] br2: port 1(eth10.2) entered blocking state
[Sun Jul 20 04:06:44 2025] br2: port 1(eth10.2) entered disabled state
[Sun Jul 20 04:06:44 2025] device eth10.2 entered promiscuous mode
[Sun Jul 20 04:06:44 2025] br2: port 2(switch0.2) entered blocking state
[Sun Jul 20 04:06:44 2025] br2: port 2(switch0.2) entered disabled state
[Sun Jul 20 04:06:44 2025] device switch0.2 entered promiscuous mode
[Sun Jul 20 04:06:44 2025] br2: port 2(switch0.2) entered blocking state
[Sun Jul 20 04:06:44 2025] br2: port 2(switch0.2) entered forwarding state
[Sun Jul 20 04:06:44 2025] br3: port 1(eth10.3) entered blocking state
[Sun Jul 20 04:06:44 2025] br3: port 1(eth10.3) entered disabled state
[Sun Jul 20 04:06:44 2025] device eth10.3 entered promiscuous mode
[Sun Jul 20 04:06:44 2025] br3: port 2(switch0.3) entered blocking state
[Sun Jul 20 04:06:44 2025] br3: port 2(switch0.3) entered disabled state
[Sun Jul 20 04:06:44 2025] device switch0.3 entered promiscuous mode
[Sun Jul 20 04:06:44 2025] br3: port 2(switch0.3) entered blocking state
[Sun Jul 20 04:06:44 2025] br3: port 2(switch0.3) entered forwarding state
[Sun Jul 20 04:06:44 2025] br99: port 1(eth10.99) entered blocking state
[Sun Jul 20 04:06:44 2025] br99: port 1(eth10.99) entered disabled state
[Sun Jul 20 04:06:44 2025] device eth10.99 entered promiscuous mode
[Sun Jul 20 04:06:44 2025] br99: port 2(switch0.99) entered blocking state
[Sun Jul 20 04:06:44 2025] br99: port 2(switch0.99) entered disabled state
[Sun Jul 20 04:06:44 2025] device switch0.99 entered promiscuous mode
[Sun Jul 20 04:06:44 2025] br99: port 2(switch0.99) entered blocking state
[Sun Jul 20 04:06:44 2025] br99: port 2(switch0.99) entered forwarding state
[Sun Jul 20 04:06:44 2025] br0: port 1(eth10) entered disabled state
[Sun Jul 20 04:06:44 2025] IPv6: ADDRCONF(NETDEV_CHANGE): eth8: link becomes ready
[Sun Jul 20 04:06:45 2025] Init chrdev /dev/detector with major 190
[Sun Jul 20 04:06:45 2025] tdts: tcp_conn_max = 32000

[Sun Jul 20 04:06:45 2025] tdts: tcp_conn_timeout = 300 sec

[Sun Jul 20 04:07:01 2025] device br0 entered promiscuous mode
[Sun Jul 20 04:07:01 2025] device br2 entered promiscuous mode
[Sun Jul 20 04:09:36 2025] EXT4-fs (mtdblock5): mounted filesystem with ordered data mode. Opts: (null)
[Sun Jul 20 04:17:14 2025] device br2 left promiscuous mode
[Sun Jul 20 04:17:15 2025] device br0 left promiscuous mode
[Sun Jul 20 04:17:22 2025] device br0 entered promiscuous mode
[Sun Jul 20 04:17:22 2025] device br2 entered promiscuous mode
[Mon Jul 21 04:07:14 2025] device br2 left promiscuous mode
[Mon Jul 21 04:07:14 2025] device br0 left promiscuous mode
[Mon Jul 21 04:07:21 2025] device br0 entered promiscuous mode
[Mon Jul 21 04:07:21 2025] device br2 entered promiscuous mode
[Tue Jul 22 04:07:12 2025] device br2 left promiscuous mode
[Tue Jul 22 04:07:12 2025] device br0 left promiscuous mode
[Tue Jul 22 04:07:19 2025] device br0 entered promiscuous mode
[Tue Jul 22 04:07:19 2025] device br2 entered promiscuous mode
[Tue Jul 22 15:26:35 2025] [quic_sm_reassemble_func#1025]: failed to allocate reassemble cont.
[Wed Jul 23 04:07:12 2025] device br2 left promiscuous mode
[Wed Jul 23 04:07:12 2025] device br0 left promiscuous mode
[Wed Jul 23 04:07:19 2025] device br0 entered promiscuous mode
[Wed Jul 23 04:07:19 2025] device br2 entered promiscuous mode
[Wed Jul 23 06:34:16 2025] [quic_sm_reassemble_func#1025]: failed to allocate reassemble cont.
[Wed Jul 23 23:52:17 2025] al_eth 0000:00:01.0 eth8: Link is Down
[Wed Jul 23 23:52:19 2025] eth [al_mod_eth_1]: set link speed to 100Mbps. full duplex.
[Wed Jul 23 23:52:19 2025] al_eth 0000:00:01.0 eth8: Link is Up - 100Mbps/Full - flow control off
[Wed Jul 23 23:52:35 2025] al_eth 0000:00:01.0 eth8: Link is Down
[Wed Jul 23 23:53:02 2025] eth [al_mod_eth_1]: set link speed to 100Mbps. full duplex.
[Wed Jul 23 23:53:02 2025] al_eth 0000:00:01.0 eth8: Link is Up - 100Mbps/Full - flow control off
[Wed Jul 23 23:53:05 2025] al_eth 0000:00:01.0 eth8: Link is Down
[Wed Jul 23 23:53:08 2025] eth [al_mod_eth_1]: set link speed to 100Mbps. full duplex.
[Wed Jul 23 23:53:08 2025] al_eth 0000:00:01.0 eth8: Link is Up - 100Mbps/Full - flow control off
[Wed Jul 23 23:53:11 2025] al_eth 0000:00:01.0 eth8: Link is Down
[Wed Jul 23 23:53:15 2025] eth [al_mod_eth_1]: set link speed to 1000Mbps. full duplex.
[Wed Jul 23 23:53:15 2025] al_eth 0000:00:01.0 eth8: Link is Up - 1Gbps/Full - flow control rx/tx
[Thu Jul 24 04:07:09 2025] device br2 left promiscuous mode
[Thu Jul 24 04:07:09 2025] device br0 left promiscuous mode
[Thu Jul 24 04:07:16 2025] device br0 entered promiscuous mode
[Thu Jul 24 04:07:16 2025] device br2 entered promiscuous mode
[Thu Jul 24 18:55:12 2025] [quic_sm_reassemble_func#1025]: failed to allocate reassemble cont.
[Fri Jul 25 04:07:07 2025] device br2 left promiscuous mode
[Fri Jul 25 04:07:07 2025] device br0 left promiscuous mode
[Fri Jul 25 04:07:14 2025] device br0 entered promiscuous mode
[Fri Jul 25 04:07:14 2025] device br2 entered promiscuous mode
[Sat Jul 26 04:07:07 2025] device br2 left promiscuous mode
[Sat Jul 26 04:07:07 2025] device br0 left promiscuous mode
[Sat Jul 26 04:07:14 2025] device br0 entered promiscuous mode
[Sat Jul 26 04:07:14 2025] device br2 entered promiscuous mode
[Sun Jul 27 03:50:48 2025] [quic_sm_reassemble_func#1025]: failed to allocate reassemble cont.
[Sun Jul 27 04:07:06 2025] device br2 left promiscuous mode
[Sun Jul 27 04:07:06 2025] device br0 left promiscuous mode
[Sun Jul 27 04:07:13 2025] device br0 entered promiscuous mode
[Sun Jul 27 04:07:13 2025] device br2 entered promiscuous mode
[Mon Jul 28 04:07:05 2025] device br2 left promiscuous mode
[Mon Jul 28 04:07:05 2025] device br0 left promiscuous mode
[Mon Jul 28 04:07:12 2025] device br0 entered promiscuous mode
[Mon Jul 28 04:07:12 2025] device br2 entered promiscuous mode
[Tue Jul 29 04:07:04 2025] device br2 left promiscuous mode
[Tue Jul 29 04:07:04 2025] device br0 left promiscuous mode
[Tue Jul 29 04:07:11 2025] device br0 entered promiscuous mode
[Tue Jul 29 04:07:11 2025] device br2 entered promiscuous mode
[Tue Jul 29 22:00:43 2025] [quic_sm_reassemble_func#1025]: failed to allocate reassemble cont.
[Wed Jul 30 04:07:03 2025] device br2 left promiscuous mode
[Wed Jul 30 04:07:03 2025] device br0 left promiscuous mode
[Wed Jul 30 04:07:10 2025] device br0 entered promiscuous mode
[Wed Jul 30 04:07:10 2025] device br2 entered promiscuous mode
[Wed Jul 30 21:44:41 2025] br0: received packet on switch0.1 with own address as source address (addr:9c:05:d6:4a:39:cb, vlan:0)
[Thu Jul 31 04:07:02 2025] device br2 left promiscuous mode
[Thu Jul 31 04:07:02 2025] device br0 left promiscuous mode
[Thu Jul 31 04:07:09 2025] device br0 entered promiscuous mode
[Thu Jul 31 04:07:09 2025] device br2 entered promiscuous mode
[Fri Aug  1 04:07:02 2025] device br2 left promiscuous mode
[Fri Aug  1 04:07:02 2025] device br0 left promiscuous mode
[Fri Aug  1 04:07:09 2025] device br0 entered promiscuous mode
[Fri Aug  1 04:07:10 2025] device br2 entered promiscuous mode
[Sat Aug  2 04:06:59 2025] device br2 left promiscuous mode
[Sat Aug  2 04:06:59 2025] device br0 left promiscuous mode
[Sat Aug  2 04:07:06 2025] device br0 entered promiscuous mode
[Sat Aug  2 04:07:06 2025] device br2 entered promiscuous mode
[Sun Aug  3 04:06:59 2025] device br2 left promiscuous mode
[Sun Aug  3 04:06:59 2025] device br0 left promiscuous mode
[Sun Aug  3 04:07:06 2025] device br0 entered promiscuous mode
[Sun Aug  3 04:07:06 2025] device br2 entered promiscuous mode
[Sun Aug  3 04:32:40 2025] [quic_sm_reassemble_func#1025]: failed to allocate reassemble cont.
[Mon Aug  4 04:06:58 2025] device br2 left promiscuous mode
[Mon Aug  4 04:06:58 2025] device br0 left promiscuous mode
[Mon Aug  4 04:07:05 2025] device br0 entered promiscuous mode
[Mon Aug  4 04:07:05 2025] device br2 entered promiscuous mode
[Tue Aug  5 00:01:56 2025] br0: received packet on switch0.1 with own address as source address (addr:9c:05:d6:4a:39:cb, vlan:0)
[Tue Aug  5 00:01:56 2025] br0: received packet on switch0.1 with own address as source address (addr:9c:05:d6:4a:39:cb, vlan:0)
[Tue Aug  5 00:01:56 2025] br0: received packet on switch0.1 with own address as source address (addr:9c:05:d6:4a:39:cb, vlan:0)
[Tue Aug  5 00:01:57 2025] br0: received packet on switch0.1 with own address as source address (addr:9c:05:d6:4a:39:cb, vlan:0)
[Tue Aug  5 00:01:57 2025] br0: received packet on switch0.1 with own address as source address (addr:9c:05:d6:4a:39:cb, vlan:0)
[Tue Aug  5 00:01:59 2025] br0: received packet on switch0.1 with own address as source address (addr:9c:05:d6:4a:39:cb, vlan:0)
[Tue Aug  5 00:02:03 2025] br0: received packet on switch0.1 with own address as source address (addr:9c:05:d6:4a:39:cb, vlan:0)
[Tue Aug  5 00:02:10 2025] br0: received packet on switch0.1 with own address as source address (addr:9c:05:d6:4a:39:cb, vlan:0)
[Tue Aug  5 00:02:23 2025] br0: received packet on switch0.1 with own address as source address (addr:9c:05:d6:4a:39:cb, vlan:0)
[Tue Aug  5 00:02:51 2025] br0: received packet on switch0.1 with own address as source address (addr:9c:05:d6:4a:39:cb, vlan:0)
[Tue Aug  5 04:06:57 2025] device br2 left promiscuous mode
[Tue Aug  5 04:06:57 2025] device br0 left promiscuous mode
[Tue Aug  5 04:07:04 2025] device br0 entered promiscuous mode
[Tue Aug  5 04:07:04 2025] device br2 entered promiscuous mode
[Wed Aug  6 04:06:58 2025] device br2 left promiscuous mode
[Wed Aug  6 04:06:58 2025] device br0 left promiscuous mode
[Wed Aug  6 04:07:05 2025] device br0 entered promiscuous mode
[Wed Aug  6 04:07:05 2025] device br2 entered promiscuous mode
[Thu Aug  7 04:06:56 2025] device br2 left promiscuous mode
[Thu Aug  7 04:06:56 2025] device br0 left promiscuous mode
[Thu Aug  7 04:07:03 2025] device br0 entered promiscuous mode
[Thu Aug  7 04:07:03 2025] device br2 entered promiscuous mode
[Fri Aug  8 04:06:55 2025] device br2 left promiscuous mode
[Fri Aug  8 04:06:55 2025] device br0 left promiscuous mode
[Fri Aug  8 04:07:03 2025] device br0 entered promiscuous mode
[Fri Aug  8 04:07:03 2025] device br2 entered promiscuous mode
[Sat Aug  9 04:06:52 2025] device br2 left promiscuous mode
[Sat Aug  9 04:06:52 2025] device br0 left promiscuous mode
[Sat Aug  9 04:06:59 2025] device br0 entered promiscuous mode
[Sat Aug  9 04:06:59 2025] device br2 entered promiscuous mode
[Sun Aug 10 04:06:52 2025] device br2 left promiscuous mode
[Sun Aug 10 04:06:52 2025] device br0 left promiscuous mode
[Sun Aug 10 04:06:59 2025] device br0 entered promiscuous mode
[Sun Aug 10 04:06:59 2025] device br2 entered promiscuous mode
[Mon Aug 11 04:06:52 2025] device br2 left promiscuous mode
[Mon Aug 11 04:06:52 2025] device br0 left promiscuous mode
[Mon Aug 11 04:06:59 2025] device br0 entered promiscuous mode
[Mon Aug 11 04:06:59 2025] device br2 entered promiscuous mode
[Tue Aug 12 00:25:14 2025] [quic_sm_reassemble_func#1025]: failed to allocate reassemble cont.
[Tue Aug 12 04:06:51 2025] device br2 left promiscuous mode
[Tue Aug 12 04:06:51 2025] device br0 left promiscuous mode
[Tue Aug 12 04:06:58 2025] device br0 entered promiscuous mode
[Tue Aug 12 04:06:58 2025] device br2 entered promiscuous mode
[Wed Aug 13 04:06:48 2025] device br2 left promiscuous mode
[Wed Aug 13 04:06:48 2025] device br0 left promiscuous mode
[Wed Aug 13 04:06:55 2025] device br0 entered promiscuous mode
[Wed Aug 13 04:06:55 2025] device br2 entered promiscuous mode
[Thu Aug 14 04:06:48 2025] device br2 left promiscuous mode
[Thu Aug 14 04:06:48 2025] device br0 left promiscuous mode
[Thu Aug 14 04:06:55 2025] device br0 entered promiscuous mode
[Thu Aug 14 04:06:55 2025] device br2 entered promiscuous mode
[Thu Aug 14 12:54:15 2025] [quic_sm_reassemble_func#1025]: failed to allocate reassemble cont.
[Thu Aug 14 23:07:01 2025] [quic_sm_reassemble_func#1025]: failed to allocate reassemble cont.
[Fri Aug 15 04:06:48 2025] device br2 left promiscuous mode
[Fri Aug 15 04:06:48 2025] device br0 left promiscuous mode
[Fri Aug 15 04:06:55 2025] device br0 entered promiscuous mode
[Fri Aug 15 04:06:55 2025] device br2 entered promiscuous mode
[Sat Aug 16 04:06:46 2025] device br2 left promiscuous mode
[Sat Aug 16 04:06:46 2025] device br0 left promiscuous mode
[Sat Aug 16 04:06:53 2025] device br0 entered promiscuous mode
[Sat Aug 16 04:06:53 2025] device br2 entered promiscuous mode
[Sat Aug 16 05:24:46 2025] [quic_sm_reassemble_func#1025]: failed to allocate reassemble cont.
[Sun Aug 17 04:06:45 2025] device br2 left promiscuous mode
[Sun Aug 17 04:06:45 2025] device br0 left promiscuous mode
[Sun Aug 17 04:06:52 2025] device br0 entered promiscuous mode
[Sun Aug 17 04:06:52 2025] device br2 entered promiscuous mode
[Sun Aug 17 10:04:42 2025] br0: received packet on switch0.1 with own address as source address (addr:9c:05:d6:4a:39:cb, vlan:0)
[Mon Aug 18 04:06:45 2025] device br2 left promiscuous mode
[Mon Aug 18 04:06:45 2025] device br0 left promiscuous mode
[Mon Aug 18 04:06:52 2025] device br0 entered promiscuous mode
[Mon Aug 18 04:06:52 2025] device br2 entered promiscuous mode
[Tue Aug 19 04:06:43 2025] device br2 left promiscuous mode
[Tue Aug 19 04:06:43 2025] device br0 left promiscuous mode
[Tue Aug 19 04:06:50 2025] device br0 entered promiscuous mode
[Tue Aug 19 04:06:50 2025] device br2 entered promiscuous mode
[Wed Aug 20 04:06:43 2025] device br2 left promiscuous mode
[Wed Aug 20 04:06:43 2025] device br0 left promiscuous mode
[Wed Aug 20 04:06:50 2025] device br0 entered promiscuous mode
[Wed Aug 20 04:06:50 2025] device br2 entered promiscuous mode
[Thu Aug 21 04:06:44 2025] device br2 left promiscuous mode
[Thu Aug 21 04:06:44 2025] device br0 left promiscuous mode
[Thu Aug 21 04:06:51 2025] device br0 entered promiscuous mode
[Thu Aug 21 04:06:51 2025] device br2 entered promiscuous mode
[Thu Aug 21 12:04:20 2025] [quic_sm_reassemble_func#1025]: failed to allocate reassemble cont.
[Fri Aug 22 04:06:42 2025] device br2 left promiscuous mode
[Fri Aug 22 04:06:42 2025] device br0 left promiscuous mode
[Fri Aug 22 04:06:49 2025] device br0 entered promiscuous mode
[Fri Aug 22 04:06:49 2025] device br2 entered promiscuous mode
[Fri Aug 22 22:48:35 2025] br0: received packet on switch0.1 with own address as source address (addr:9c:05:d6:4a:39:cb, vlan:0)
[Fri Aug 22 22:48:35 2025] br0: received packet on switch0.1 with own address as source address (addr:9c:05:d6:4a:39:cb, vlan:0)
[Fri Aug 22 22:48:35 2025] br0: received packet on switch0.1 with own address as source address (addr:9c:05:d6:4a:39:cb, vlan:0)
[Fri Aug 22 22:48:35 2025] br0: received packet on switch0.1 with own address as source address (addr:9c:05:d6:4a:39:cb, vlan:0)
[Fri Aug 22 22:48:35 2025] br0: received packet on switch0.1 with own address as source address (addr:9c:05:d6:4a:39:cb, vlan:0)
[Fri Aug 22 22:48:36 2025] br0: received packet on switch0.1 with own address as source address (addr:9c:05:d6:4a:39:cb, vlan:0)
[Fri Aug 22 22:48:39 2025] br0: received packet on switch0.1 with own address as source address (addr:9c:05:d6:4a:39:cb, vlan:0)
[Fri Aug 22 22:48:43 2025] br0: received packet on switch0.1 with own address as source address (addr:9c:05:d6:4a:39:cb, vlan:0)
[Fri Aug 22 22:48:51 2025] br0: received packet on switch0.1 with own address as source address (addr:9c:05:d6:4a:39:cb, vlan:0)
[Fri Aug 22 22:49:07 2025] br0: received packet on switch0.1 with own address as source address (addr:9c:05:d6:4a:39:cb, vlan:0)
[Sat Aug 23 04:06:40 2025] device br2 left promiscuous mode
[Sat Aug 23 04:06:40 2025] device br0 left promiscuous mode
[Sat Aug 23 04:06:47 2025] device br0 entered promiscuous mode
[Sat Aug 23 04:06:48 2025] device br2 entered promiscuous mode
[Sat Aug 23 18:23:44 2025] br0: received packet on switch0.1 with own address as source address (addr:9c:05:d6:4a:39:cb, vlan:0)
[Sat Aug 23 18:23:44 2025] br0: received packet on switch0.1 with own address as source address (addr:9c:05:d6:4a:39:cb, vlan:0)
[Sat Aug 23 18:23:44 2025] br0: received packet on switch0.1 with own address as source address (addr:9c:05:d6:4a:39:cb, vlan:0)
[Sat Aug 23 18:23:45 2025] br0: received packet on switch0.1 with own address as source address (addr:9c:05:d6:4a:39:cb, vlan:0)
[Sat Aug 23 18:23:46 2025] br0: received packet on switch0.1 with own address as source address (addr:9c:05:d6:4a:39:cb, vlan:0)
[Sat Aug 23 18:23:49 2025] br0: received packet on switch0.1 with own address as source address (addr:9c:05:d6:4a:39:cb, vlan:0)
[Sat Aug 23 18:23:49 2025] br0: received packet on switch0.1 with own address as source address (addr:9c:05:d6:4a:39:cb, vlan:0)
[Sat Aug 23 18:23:50 2025] br0: received packet on switch0.1 with own address as source address (addr:9c:05:d6:4a:39:cb, vlan:0)
[Sat Aug 23 18:23:51 2025] br0: received packet on switch0.1 with own address as source address (addr:9c:05:d6:4a:39:cb, vlan:0)
[Sat Aug 23 18:23:52 2025] br0: received packet on switch0.1 with own address as source address (addr:9c:05:d6:4a:39:cb, vlan:0)
[Sat Aug 23 18:23:53 2025] br0: received packet on switch0.1 with own address as source address (addr:9c:05:d6:4a:39:cb, vlan:0)
[Sat Aug 23 18:23:53 2025] br0: received packet on switch0.1 with own address as source address (addr:9c:05:d6:4a:39:cb, vlan:0)
[Sat Aug 23 18:23:54 2025] br0: received packet on switch0.1 with own address as source address (addr:9c:05:d6:4a:39:cb, vlan:0)
[Sat Aug 23 18:23:55 2025] br0: received packet on switch0.1 with own address as source address (addr:9c:05:d6:4a:39:cb, vlan:0)
[Sat Aug 23 18:23:58 2025] br0: received packet on switch0.1 with own address as source address (addr:9c:05:d6:4a:39:cb, vlan:0)
[Sat Aug 23 18:24:04 2025] br0: received packet on switch0.1 with own address as source address (addr:9c:05:d6:4a:39:cb, vlan:0)
[Sat Aug 23 18:24:15 2025] br0: received packet on switch0.1 with own address as source address (addr:9c:05:d6:4a:39:cb, vlan:0)
[Sat Aug 23 18:24:37 2025] br0: received packet on switch0.1 with own address as source address (addr:9c:05:d6:4a:39:cb, vlan:0)
[Sat Aug 23 18:24:44 2025] br0: received packet on switch0.1 with own address as source address (addr:9c:05:d6:4a:39:cb, vlan:0)
[Sun Aug 24 04:06:38 2025] device br2 left promiscuous mode
[Sun Aug 24 04:06:38 2025] device br0 left promiscuous mode
[Sun Aug 24 04:06:45 2025] device br0 entered promiscuous mode
[Sun Aug 24 04:06:46 2025] device br2 entered promiscuous mode
[Sun Aug 24 22:46:21 2025] br0: received packet on switch0.1 with own address as source address (addr:9c:05:d6:4a:39:cb, vlan:0)
[Sun Aug 24 22:46:21 2025] br0: received packet on switch0.1 with own address as source address (addr:9c:05:d6:4a:39:cb, vlan:0)
[Sun Aug 24 22:46:21 2025] br0: received packet on switch0.1 with own address as source address (addr:9c:05:d6:4a:39:cb, vlan:0)
[Sun Aug 24 22:46:22 2025] br0: received packet on switch0.1 with own address as source address (addr:9c:05:d6:4a:39:cb, vlan:0)
[Sun Aug 24 22:46:22 2025] br0: received packet on switch0.1 with own address as source address (addr:9c:05:d6:4a:39:cb, vlan:0)
[Sun Aug 24 22:46:23 2025] br0: received packet on switch0.1 with own address as source address (addr:9c:05:d6:4a:39:cb, vlan:0)
[Sun Aug 24 22:46:25 2025] br0: received packet on switch0.1 with own address as source address (addr:9c:05:d6:4a:39:cb, vlan:0)
[Sun Aug 24 22:46:28 2025] br0: received packet on switch0.1 with own address as source address (addr:9c:05:d6:4a:39:cb, vlan:0)
[Sun Aug 24 22:46:35 2025] br0: received packet on switch0.1 with own address as source address (addr:9c:05:d6:4a:39:cb, vlan:0)
[Sun Aug 24 22:46:49 2025] br0: received packet on switch0.1 with own address as source address (addr:9c:05:d6:4a:39:cb, vlan:0)
[Sun Aug 24 22:47:17 2025] br0: received packet on switch0.1 with own address as source address (addr:9c:05:d6:4a:39:cb, vlan:0)
[Sun Aug 24 22:48:16 2025] br0: received packet on switch0.1 with own address as source address (addr:9c:05:d6:4a:39:cb, vlan:0)
[Sun Aug 24 22:50:06 2025] br0: received packet on switch0.1 with own address as source address (addr:9c:05:d6:4a:39:cb, vlan:0)
[Sun Aug 24 22:52:09 2025] br0: received packet on switch0.1 with own address as source address (addr:9c:05:d6:4a:39:cb, vlan:0)
[Sun Aug 24 22:54:12 2025] br0: received packet on switch0.1 with own address as source address (addr:9c:05:d6:4a:39:cb, vlan:0)
[Sun Aug 24 22:56:15 2025] br0: received packet on switch0.1 with own address as source address (addr:9c:05:d6:4a:39:cb, vlan:0)
[Sun Aug 24 22:56:45 2025] br0: received packet on switch0.1 with own address as source address (addr:9c:05:d6:4a:39:cb, vlan:0)
[Mon Aug 25 04:06:40 2025] device br2 left promiscuous mode
[Mon Aug 25 04:06:40 2025] device br0 left promiscuous mode
[Mon Aug 25 04:06:47 2025] device br0 entered promiscuous mode
[Mon Aug 25 04:06:47 2025] device br2 entered promiscuous mode
[Tue Aug 26 04:06:37 2025] device br2 left promiscuous mode
[Tue Aug 26 04:06:37 2025] device br0 left promiscuous mode
[Tue Aug 26 04:06:44 2025] device br0 entered promiscuous mode
[Tue Aug 26 04:06:44 2025] device br2 entered promiscuous mode
[Wed Aug 27 04:06:37 2025] device br2 left promiscuous mode
[Wed Aug 27 04:06:37 2025] device br0 left promiscuous mode
[Wed Aug 27 04:06:44 2025] device br0 entered promiscuous mode
[Wed Aug 27 04:06:44 2025] device br2 entered promiscuous mode
[Wed Aug 27 18:16:01 2025] br0: received packet on switch0.1 with own address as source address (addr:9c:05:d6:4a:39:cb, vlan:0)
[Thu Aug 28 04:06:35 2025] device br2 left promiscuous mode
[Thu Aug 28 04:06:36 2025] device br0 left promiscuous mode
[Thu Aug 28 04:06:43 2025] device br0 entered promiscuous mode
[Thu Aug 28 04:06:43 2025] device br2 entered promiscuous mode
[Thu Aug 28 07:33:11 2025] [quic_sm_reassemble_func#1025]: failed to allocate reassemble cont.
[Fri Aug 29 04:06:34 2025] device br2 left promiscuous mode
[Fri Aug 29 04:06:35 2025] device br0 left promiscuous mode
[Fri Aug 29 04:06:42 2025] device br0 entered promiscuous mode
[Fri Aug 29 04:06:42 2025] device br2 entered promiscuous mode
[Sat Aug 30 04:06:34 2025] device br2 left promiscuous mode
[Sat Aug 30 04:06:34 2025] device br0 left promiscuous mode
[Sat Aug 30 04:06:41 2025] device br0 entered promiscuous mode
[Sat Aug 30 04:06:41 2025] device br2 entered promiscuous mode
[Sun Aug 31 04:06:35 2025] device br2 left promiscuous mode
[Sun Aug 31 04:06:35 2025] device br0 left promiscuous mode
[Sun Aug 31 04:06:43 2025] device br0 entered promiscuous mode
[Sun Aug 31 04:06:43 2025] device br2 entered promiscuous mode
[Mon Sep  1 04:06:34 2025] device br2 left promiscuous mode
[Mon Sep  1 04:06:34 2025] device br0 left promiscuous mode
[Mon Sep  1 04:06:41 2025] device br0 entered promiscuous mode
[Mon Sep  1 04:06:41 2025] device br2 entered promiscuous mode
[Mon Sep  1 11:33:12 2025] [quic_sm_reassemble_func#1025]: failed to allocate reassemble cont.
[Tue Sep  2 04:06:31 2025] device br2 left promiscuous mode
[Tue Sep  2 04:06:32 2025] device br0 left promiscuous mode
[Tue Sep  2 04:06:39 2025] device br0 entered promiscuous mode
[Tue Sep  2 04:06:39 2025] device br2 entered promiscuous mode
[Tue Sep  2 06:13:53 2025] [quic_sm_reassemble_func#1025]: failed to allocate reassemble cont.
[Wed Sep  3 04:06:34 2025] device br2 left promiscuous mode
[Wed Sep  3 04:06:34 2025] device br0 left promiscuous mode
[Wed Sep  3 04:06:41 2025] device br0 entered promiscuous mode
[Wed Sep  3 04:06:41 2025] device br2 entered promiscuous mode
[Wed Sep  3 17:51:43 2025] [quic_sm_reassemble_func#1025]: failed to allocate reassemble cont.
[Thu Sep  4 04:06:31 2025] device br2 left promiscuous mode
[Thu Sep  4 04:06:31 2025] device br0 left promiscuous mode
[Thu Sep  4 04:06:38 2025] device br0 entered promiscuous mode
[Thu Sep  4 04:06:38 2025] device br2 entered promiscuous mode
[Thu Sep  4 19:51:19 2025] [quic_sm_reassemble_func#1025]: failed to allocate reassemble cont.
[Fri Sep  5 04:06:28 2025] device br2 left promiscuous mode
[Fri Sep  5 04:06:28 2025] device br0 left promiscuous mode
[Fri Sep  5 04:06:35 2025] device br0 entered promiscuous mode
[Fri Sep  5 04:06:35 2025] device br2 entered promiscuous mode
[Sat Sep  6 04:06:28 2025] device br2 left promiscuous mode
[Sat Sep  6 04:06:28 2025] device br0 left promiscuous mode
[Sat Sep  6 04:06:35 2025] device br0 entered promiscuous mode
[Sat Sep  6 04:06:35 2025] device br2 entered promiscuous mode
[Sat Sep  6 08:10:52 2025] [quic_sm_reassemble_func#1025]: failed to allocate reassemble cont.
[Sat Sep  6 12:36:32 2025] [quic_sm_reassemble_func#1025]: failed to allocate reassemble cont.
[Sat Sep  6 21:21:59 2025] br0: received packet on switch0.1 with own address as source address (addr:9c:05:d6:4a:39:cb, vlan:0)
[Sat Sep  6 21:21:59 2025] br0: received packet on switch0.1 with own address as source address (addr:9c:05:d6:4a:39:cb, vlan:0)
[Sat Sep  6 21:21:59 2025] br0: received packet on switch0.1 with own address as source address (addr:9c:05:d6:4a:39:cb, vlan:0)
[Sat Sep  6 21:21:59 2025] br0: received packet on switch0.1 with own address as source address (addr:9c:05:d6:4a:39:cb, vlan:0)
[Sat Sep  6 21:21:59 2025] br0: received packet on switch0.1 with own address as source address (addr:9c:05:d6:4a:39:cb, vlan:0)
[Sat Sep  6 21:21:59 2025] br0: received packet on switch0.1 with own address as source address (addr:9c:05:d6:4a:39:cb, vlan:0)
[Sat Sep  6 21:22:00 2025] br0: received packet on switch0.1 with own address as source address (addr:9c:05:d6:4a:39:cb, vlan:0)
[Sat Sep  6 21:22:01 2025] br0: received packet on switch0.1 with own address as source address (addr:9c:05:d6:4a:39:cb, vlan:0)
[Sat Sep  6 21:22:02 2025] br0: received packet on switch0.1 with own address as source address (addr:9c:05:d6:4a:39:cb, vlan:0)
[Sat Sep  6 21:22:06 2025] br0: received packet on switch0.1 with own address as source address (addr:9c:05:d6:4a:39:cb, vlan:0)
[Sun Sep  7 04:06:26 2025] device br2 left promiscuous mode
[Sun Sep  7 04:06:26 2025] device br0 left promiscuous mode
[Sun Sep  7 04:06:33 2025] device br0 entered promiscuous mode
[Sun Sep  7 04:06:33 2025] device br2 entered promiscuous mode
[Mon Sep  8 04:06:26 2025] device br2 left promiscuous mode
[Mon Sep  8 04:06:26 2025] device br0 left promiscuous mode
[Mon Sep  8 04:06:34 2025] device br0 entered promiscuous mode
[Mon Sep  8 04:06:34 2025] device br2 entered promiscuous mode
[Tue Sep  9 04:06:25 2025] device br2 left promiscuous mode
[Tue Sep  9 04:06:25 2025] device br0 left promiscuous mode
[Tue Sep  9 04:06:32 2025] device br0 entered promiscuous mode
[Tue Sep  9 04:06:33 2025] device br2 entered promiscuous mode
[Wed Sep 10 04:06:26 2025] device br2 left promiscuous mode
[Wed Sep 10 04:06:27 2025] device br0 left promiscuous mode
[Wed Sep 10 04:06:34 2025] device br0 entered promiscuous mode
[Wed Sep 10 04:06:34 2025] device br2 entered promiscuous mode
[Thu Sep 11 04:06:23 2025] device br2 left promiscuous mode
[Thu Sep 11 04:06:23 2025] device br0 left promiscuous mode
[Thu Sep 11 04:06:30 2025] device br0 entered promiscuous mode
[Thu Sep 11 04:06:30 2025] device br2 entered promiscuous mode
[Fri Sep 12 04:06:22 2025] device br2 left promiscuous mode
[Fri Sep 12 04:06:22 2025] device br0 left promiscuous mode
[Fri Sep 12 04:06:29 2025] device br0 entered promiscuous mode
[Fri Sep 12 04:06:29 2025] device br2 entered promiscuous mode
[Sat Sep 13 04:06:21 2025] device br2 left promiscuous mode
[Sat Sep 13 04:06:21 2025] device br0 left promiscuous mode
[Sat Sep 13 04:06:28 2025] device br0 entered promiscuous mode
[Sat Sep 13 04:06:28 2025] device br2 entered promiscuous mode
[Sat Sep 13 07:38:05 2025] br0: received packet on switch0.1 with own address as source address (addr:9c:05:d6:4a:39:cb, vlan:0)
[Sat Sep 13 07:38:05 2025] br0: received packet on switch0.1 with own address as source address (addr:9c:05:d6:4a:39:cb, vlan:0)
[Sat Sep 13 07:38:06 2025] br0: received packet on switch0.1 with own address as source address (addr:9c:05:d6:4a:39:cb, vlan:0)
[Sat Sep 13 07:38:06 2025] br0: received packet on switch0.1 with own address as source address (addr:9c:05:d6:4a:39:cb, vlan:0)
[Sat Sep 13 07:38:07 2025] br0: received packet on switch0.1 with own address as source address (addr:9c:05:d6:4a:39:cb, vlan:0)
[Sat Sep 13 07:38:09 2025] br0: received packet on switch0.1 with own address as source address (addr:9c:05:d6:4a:39:cb, vlan:0)
[Sat Sep 13 07:38:13 2025] br0: received packet on switch0.1 with own address as source address (addr:9c:05:d6:4a:39:cb, vlan:0)
[Sat Sep 13 07:38:21 2025] br0: received packet on switch0.1 with own address as source address (addr:9c:05:d6:4a:39:cb, vlan:0)
[Sat Sep 13 07:38:37 2025] br0: received packet on switch0.1 with own address as source address (addr:9c:05:d6:4a:39:cb, vlan:0)
[Sat Sep 13 07:39:08 2025] br0: received packet on switch0.1 with own address as source address (addr:9c:05:d6:4a:39:cb, vlan:0)
[Sun Sep 14 04:06:18 2025] device br2 left promiscuous mode
[Sun Sep 14 04:06:19 2025] device br0 left promiscuous mode
[Sun Sep 14 04:06:26 2025] device br0 entered promiscuous mode
[Sun Sep 14 04:06:26 2025] device br2 entered promiscuous mode
[Mon Sep 15 04:06:20 2025] device br2 left promiscuous mode
[Mon Sep 15 04:06:20 2025] device br0 left promiscuous mode
[Mon Sep 15 04:06:28 2025] device br0 entered promiscuous mode
[Mon Sep 15 04:06:28 2025] device br2 entered promiscuous mode
[Mon Sep 15 20:09:41 2025] br0: received packet on switch0.1 with own address as source address (addr:9c:05:d6:4a:39:cb, vlan:0)
[Mon Sep 15 20:09:41 2025] br0: received packet on switch0.1 with own address as source address (addr:9c:05:d6:4a:39:cb, vlan:0)
[Mon Sep 15 20:09:41 2025] br0: received packet on switch0.1 with own address as source address (addr:9c:05:d6:4a:39:cb, vlan:0)
[Mon Sep 15 20:09:41 2025] br0: received packet on switch0.1 with own address as source address (addr:9c:05:d6:4a:39:cb, vlan:0)
[Mon Sep 15 20:09:41 2025] br0: received packet on switch0.1 with own address as source address (addr:9c:05:d6:4a:39:cb, vlan:0)
[Mon Sep 15 20:09:42 2025] br0: received packet on switch0.1 with own address as source address (addr:9c:05:d6:4a:39:cb, vlan:0)
[Mon Sep 15 20:09:42 2025] br0: received packet on switch0.1 with own address as source address (addr:9c:05:d6:4a:39:cb, vlan:0)
[Mon Sep 15 20:09:44 2025] br0: received packet on switch0.1 with own address as source address (addr:9c:05:d6:4a:39:cb, vlan:0)
[Mon Sep 15 20:09:48 2025] br0: received packet on switch0.1 with own address as source address (addr:9c:05:d6:4a:39:cb, vlan:0)
[Tue Sep 16 04:06:17 2025] device br2 left promiscuous mode
[Tue Sep 16 04:06:17 2025] device br0 left promiscuous mode
[Tue Sep 16 04:06:24 2025] device br0 entered promiscuous mode
[Tue Sep 16 04:06:24 2025] device br2 entered promiscuous mode
[Tue Sep 16 21:11:56 2025] br0: received packet on switch0.1 with own address as source address (addr:9c:05:d6:4a:39:cb, vlan:0)
[Tue Sep 16 21:11:57 2025] br0: received packet on switch0.1 with own address as source address (addr:9c:05:d6:4a:39:cb, vlan:0)
[Tue Sep 16 21:11:57 2025] br0: received packet on switch0.1 with own address as source address (addr:9c:05:d6:4a:39:cb, vlan:0)
[Tue Sep 16 21:11:57 2025] br0: received packet on switch0.1 with own address as source address (addr:9c:05:d6:4a:39:cb, vlan:0)
[Tue Sep 16 21:11:57 2025] br0: received packet on switch0.1 with own address as source address (addr:9c:05:d6:4a:39:cb, vlan:0)
[Tue Sep 16 21:11:57 2025] br0: received packet on switch0.1 with own address as source address (addr:9c:05:d6:4a:39:cb, vlan:0)
[Tue Sep 16 21:11:57 2025] br0: received packet on switch0.1 with own address as source address (addr:9c:05:d6:4a:39:cb, vlan:0)
[Tue Sep 16 21:11:57 2025] br0: received packet on switch0.1 with own address as source address (addr:9c:05:d6:4a:39:cb, vlan:0)
[Tue Sep 16 21:11:57 2025] br0: received packet on switch0.1 with own address as source address (addr:9c:05:d6:4a:39:cb, vlan:0)
[Tue Sep 16 21:11:58 2025] br0: received packet on switch0.1 with own address as source address (addr:9c:05:d6:4a:39:cb, vlan:0)
[Tue Sep 16 21:12:04 2025] net_ratelimit: 1 callbacks suppressed
[Tue Sep 16 21:12:04 2025] br0: received packet on switch0.1 with own address as source address (addr:9c:05:d6:4a:39:cb, vlan:0)
[Tue Sep 16 21:12:11 2025] br0: received packet on switch0.1 with own address as source address (addr:9c:05:d6:4a:39:cb, vlan:0)
[Tue Sep 16 21:12:26 2025] br0: received packet on switch0.1 with own address as source address (addr:9c:05:d6:4a:39:cb, vlan:0)
[Tue Sep 16 21:12:55 2025] br0: received packet on switch0.1 with own address as source address (addr:9c:05:d6:4a:39:cb, vlan:0)
[Wed Sep 17 00:16:24 2025] br0: received packet on switch0.1 with own address as source address (addr:9c:05:d6:4a:39:cb, vlan:0)
[Wed Sep 17 00:16:24 2025] br0: received packet on switch0.1 with own address as source address (addr:9c:05:d6:4a:39:cb, vlan:0)
[Wed Sep 17 00:16:25 2025] br0: received packet on switch0.1 with own address as source address (addr:9c:05:d6:4a:39:cb, vlan:0)
[Wed Sep 17 00:16:25 2025] br0: received packet on switch0.1 with own address as source address (addr:9c:05:d6:4a:39:cb, vlan:0)
[Wed Sep 17 00:16:25 2025] br0: received packet on switch0.1 with own address as source address (addr:9c:05:d6:4a:39:cb, vlan:0)
[Wed Sep 17 00:16:26 2025] br0: received packet on switch0.1 with own address as source address (addr:9c:05:d6:4a:39:cb, vlan:0)
[Wed Sep 17 00:16:27 2025] br0: received packet on switch0.1 with own address as source address (addr:9c:05:d6:4a:39:cb, vlan:0)
[Wed Sep 17 00:16:30 2025] br0: received packet on switch0.1 with own address as source address (addr:9c:05:d6:4a:39:cb, vlan:0)
[Wed Sep 17 00:16:36 2025] br0: received packet on switch0.1 with own address as source address (addr:9c:05:d6:4a:39:cb, vlan:0)
[Wed Sep 17 00:16:48 2025] br0: received packet on switch0.1 with own address as source address (addr:9c:05:d6:4a:39:cb, vlan:0)
[Wed Sep 17 00:17:10 2025] br0: received packet on switch0.1 with own address as source address (addr:9c:05:d6:4a:39:cb, vlan:0)
[Wed Sep 17 00:17:55 2025] br0: received packet on switch0.1 with own address as source address (addr:9c:05:d6:4a:39:cb, vlan:0)
[Wed Sep 17 04:06:17 2025] device br2 left promiscuous mode
[Wed Sep 17 04:06:17 2025] device br0 left promiscuous mode
[Wed Sep 17 04:06:24 2025] device br0 entered promiscuous mode
[Wed Sep 17 04:06:24 2025] device br2 entered promiscuous mode
[Thu Sep 18 04:06:18 2025] device br2 left promiscuous mode
[Thu Sep 18 04:06:18 2025] device br0 left promiscuous mode
[Thu Sep 18 04:06:25 2025] device br0 entered promiscuous mode
[Thu Sep 18 04:06:25 2025] device br2 entered promiscuous mode
[Fri Sep 19 04:06:14 2025] device br2 left promiscuous mode
[Fri Sep 19 04:06:14 2025] device br0 left promiscuous mode
[Fri Sep 19 04:06:22 2025] device br0 entered promiscuous mode
[Fri Sep 19 04:06:22 2025] device br2 entered promiscuous mode
[Sat Sep 20 04:06:14 2025] device br2 left promiscuous mode
[Sat Sep 20 04:06:14 2025] device br0 left promiscuous mode
[Sat Sep 20 04:06:21 2025] device br0 entered promiscuous mode
[Sat Sep 20 04:06:21 2025] device br2 entered promiscuous mode
[Sat Sep 20 08:49:06 2025] [quic_sm_reassemble_func#1025]: failed to allocate reassemble cont.
[Sun Sep 21 04:06:15 2025] device br2 left promiscuous mode
[Sun Sep 21 04:06:15 2025] device br0 left promiscuous mode
[Sun Sep 21 04:06:22 2025] device br0 entered promiscuous mode
[Sun Sep 21 04:06:22 2025] device br2 entered promiscuous mode
[Sun Sep 21 07:57:07 2025] br0: received packet on switch0.1 with own address as source address (addr:9c:05:d6:4a:39:cb, vlan:0)
[Sun Sep 21 07:57:07 2025] br0: received packet on switch0.1 with own address as source address (addr:9c:05:d6:4a:39:cb, vlan:0)
[Sun Sep 21 07:57:07 2025] br0: received packet on switch0.1 with own address as source address (addr:9c:05:d6:4a:39:cb, vlan:0)
[Sun Sep 21 07:57:08 2025] br0: received packet on switch0.1 with own address as source address (addr:9c:05:d6:4a:39:cb, vlan:0)
[Sun Sep 21 07:57:09 2025] br0: received packet on switch0.1 with own address as source address (addr:9c:05:d6:4a:39:cb, vlan:0)
[Sun Sep 21 07:57:12 2025] br0: received packet on switch0.1 with own address as source address (addr:9c:05:d6:4a:39:cb, vlan:0)
[Sun Sep 21 07:57:18 2025] br0: received packet on switch0.1 with own address as source address (addr:9c:05:d6:4a:39:cb, vlan:0)
[Sun Sep 21 07:57:30 2025] br0: received packet on switch0.1 with own address as source address (addr:9c:05:d6:4a:39:cb, vlan:0)
[Sun Sep 21 07:57:54 2025] br0: received packet on switch0.1 with own address as source address (addr:9c:05:d6:4a:39:cb, vlan:0)
[Mon Sep 22 04:06:12 2025] device br2 left promiscuous mode
[Mon Sep 22 04:06:12 2025] device br0 left promiscuous mode
[Mon Sep 22 04:06:19 2025] device br0 entered promiscuous mode
[Mon Sep 22 04:06:19 2025] device br2 entered promiscuous mode
[Mon Sep 22 08:30:13 2025] [quic_sm_reassemble_func#1025]: failed to allocate reassemble cont.
[Mon Sep 22 08:30:13 2025] [quic_sm_reassemble_func#1025]: failed to allocate reassemble cont.
[Mon Sep 22 09:58:26 2025] [quic_sm_reassemble_func#1025]: failed to allocate reassemble cont.
[Mon Sep 22 17:56:27 2025] br0: received packet on switch0.1 with own address as source address (addr:9c:05:d6:4a:39:cb, vlan:0)
[Tue Sep 23 04:06:10 2025] device br2 left promiscuous mode
[Tue Sep 23 04:06:10 2025] device br0 left promiscuous mode
[Tue Sep 23 04:06:17 2025] device br0 entered promiscuous mode
[Tue Sep 23 04:06:17 2025] device br2 entered promiscuous mode
[Wed Sep 24 04:06:12 2025] device br2 left promiscuous mode
[Wed Sep 24 04:06:12 2025] device br0 left promiscuous mode
[Wed Sep 24 04:06:19 2025] device br0 entered promiscuous mode
[Wed Sep 24 04:06:19 2025] device br2 entered promiscuous mode
[Thu Sep 25 04:06:09 2025] device br2 left promiscuous mode
[Thu Sep 25 04:06:09 2025] device br0 left promiscuous mode
[Thu Sep 25 04:06:17 2025] device br0 entered promiscuous mode
[Thu Sep 25 04:06:17 2025] device br2 entered promiscuous mode
[Fri Sep 26 04:06:08 2025] device br2 left promiscuous mode
[Fri Sep 26 04:06:08 2025] device br0 left promiscuous mode
[Fri Sep 26 04:06:16 2025] device br0 entered promiscuous mode
[Fri Sep 26 04:06:16 2025] device br2 entered promiscuous mode
[Fri Sep 26 19:03:35 2025] br0: received packet on switch0.1 with own address as source address (addr:9c:05:d6:4a:39:cb, vlan:0)
[Fri Sep 26 19:03:35 2025] br0: received packet on switch0.1 with own address as source address (addr:9c:05:d6:4a:39:cb, vlan:0)
[Fri Sep 26 19:03:35 2025] br0: received packet on switch0.1 with own address as source address (addr:9c:05:d6:4a:39:cb, vlan:0)
[Fri Sep 26 19:03:36 2025] br0: received packet on switch0.1 with own address as source address (addr:9c:05:d6:4a:39:cb, vlan:0)
[Fri Sep 26 19:03:37 2025] br0: received packet on switch0.1 with own address as source address (addr:9c:05:d6:4a:39:cb, vlan:0)
[Fri Sep 26 19:03:38 2025] br0: received packet on switch0.1 with own address as source address (addr:9c:05:d6:4a:39:cb, vlan:0)
[Fri Sep 26 19:03:40 2025] br0: received packet on switch0.1 with own address as source address (addr:9c:05:d6:4a:39:cb, vlan:0)
[Fri Sep 26 19:03:44 2025] br0: received packet on switch0.1 with own address as source address (addr:9c:05:d6:4a:39:cb, vlan:0)
[Fri Sep 26 19:03:52 2025] br0: received packet on switch0.1 with own address as source address (addr:9c:05:d6:4a:39:cb, vlan:0)
[Fri Sep 26 19:04:08 2025] br0: received packet on switch0.1 with own address as source address (addr:9c:05:d6:4a:39:cb, vlan:0)
[Sat Sep 27 04:06:08 2025] device br2 left promiscuous mode
[Sat Sep 27 04:06:08 2025] device br0 left promiscuous mode
[Sat Sep 27 04:06:15 2025] device br0 entered promiscuous mode
[Sat Sep 27 04:06:16 2025] device br2 entered promiscuous mode
[Sun Sep 28 04:06:09 2025] device br2 left promiscuous mode
[Sun Sep 28 04:06:09 2025] device br0 left promiscuous mode
[Sun Sep 28 04:06:16 2025] device br0 entered promiscuous mode
[Sun Sep 28 04:06:16 2025] device br2 entered promiscuous mode
[Mon Sep 29 04:06:06 2025] device br2 left promiscuous mode
[Mon Sep 29 04:06:06 2025] device br0 left promiscuous mode
[Mon Sep 29 04:06:13 2025] device br0 entered promiscuous mode
[Mon Sep 29 04:06:13 2025] device br2 entered promiscuous mode
[Tue Sep 30 04:06:06 2025] device br2 left promiscuous mode
[Tue Sep 30 04:06:06 2025] device br0 left promiscuous mode
[Tue Sep 30 04:06:13 2025] device br0 entered promiscuous mode
[Tue Sep 30 04:06:13 2025] device br2 entered promiscuous mode
[Wed Oct  1 04:06:05 2025] device br2 left promiscuous mode
[Wed Oct  1 04:06:05 2025] device br0 left promiscuous mode
[Wed Oct  1 04:06:12 2025] device br0 entered promiscuous mode
[Wed Oct  1 04:06:12 2025] device br2 entered promiscuous mode
[Wed Oct  1 10:07:15 2025] device br2 left promiscuous mode
[Wed Oct  1 10:07:15 2025] device br0 left promiscuous mode
[Wed Oct  1 10:07:22 2025] device br0 entered promiscuous mode
[Wed Oct  1 10:07:22 2025] device br2 entered promiscuous mode
[Wed Oct  1 16:48:02 2025] br0: received packet on switch0.1 with own address as source address (addr:9c:05:d6:4a:39:cb, vlan:0)
[Wed Oct  1 17:37:00 2025] device br2 left promiscuous mode
[Wed Oct  1 17:37:00 2025] device br0 left promiscuous mode
[Wed Oct  1 17:37:07 2025] device br0 entered promiscuous mode
[Wed Oct  1 17:37:07 2025] device br2 entered promiscuous mode
[Wed Oct  1 20:07:16 2025] device br2 left promiscuous mode
[Wed Oct  1 20:07:16 2025] device br0 left promiscuous mode
[Wed Oct  1 20:07:23 2025] device br0 entered promiscuous mode
[Wed Oct  1 20:07:23 2025] device br2 entered promiscuous mode
[Thu Oct  2 02:07:15 2025] device br2 left promiscuous mode
[Thu Oct  2 02:07:15 2025] device br0 left promiscuous mode
[Thu Oct  2 02:07:19 2025] [quic_sm_reassemble_func#1025]: failed to allocate reassemble cont.
[Thu Oct  2 02:07:22 2025] device br0 entered promiscuous mode
[Thu Oct  2 02:07:22 2025] device br2 entered promiscuous mode
[Thu Oct  2 15:22:38 2025] [quic_sm_reassemble_func#1025]: failed to allocate reassemble cont.
[Thu Oct  2 18:17:59 2025] device br2 left promiscuous mode
[Thu Oct  2 18:17:59 2025] device br0 left promiscuous mode
[Thu Oct  2 18:18:06 2025] device br0 entered promiscuous mode
[Thu Oct  2 18:18:06 2025] device br2 entered promiscuous mode
[Thu Oct  2 20:07:15 2025] device br2 left promiscuous mode
[Thu Oct  2 20:07:15 2025] device br0 left promiscuous mode
[Thu Oct  2 20:07:23 2025] device br0 entered promiscuous mode
[Thu Oct  2 20:07:23 2025] device br2 entered promiscuous mode
[Fri Oct  3 04:06:28 2025] device br2 left promiscuous mode
[Fri Oct  3 04:06:28 2025] device br0 left promiscuous mode
[Fri Oct  3 04:06:35 2025] device br0 entered promiscuous mode
[Fri Oct  3 04:06:35 2025] device br2 entered promiscuous mode
[Sat Oct  4 04:06:02 2025] device br2 left promiscuous mode
[Sat Oct  4 04:06:02 2025] device br0 left promiscuous mode
[Sat Oct  4 04:06:09 2025] device br0 entered promiscuous mode
[Sat Oct  4 04:06:09 2025] device br2 entered promiscuous mode
[Sat Oct  4 18:34:15 2025] br0: received packet on switch0.1 with own address as source address (addr:9c:05:d6:4a:39:cb, vlan:0)
[Sat Oct  4 18:34:15 2025] br0: received packet on switch0.1 with own address as source address (addr:9c:05:d6:4a:39:cb, vlan:0)
[Sat Oct  4 18:34:15 2025] br0: received packet on switch0.1 with own address as source address (addr:9c:05:d6:4a:39:cb, vlan:0)
[Sat Oct  4 18:34:15 2025] br0: received packet on switch0.1 with own address as source address (addr:9c:05:d6:4a:39:cb, vlan:0)
[Sat Oct  4 18:34:15 2025] br0: received packet on switch0.1 with own address as source address (addr:9c:05:d6:4a:39:cb, vlan:0)
[Sat Oct  4 18:34:15 2025] br0: received packet on switch0.1 with own address as source address (addr:9c:05:d6:4a:39:cb, vlan:0)
[Sat Oct  4 18:34:15 2025] br0: received packet on switch0.1 with own address as source address (addr:9c:05:d6:4a:39:cb, vlan:0)
[Sat Oct  4 18:34:16 2025] br0: received packet on switch0.1 with own address as source address (addr:9c:05:d6:4a:39:cb, vlan:0)
[Sat Oct  4 18:34:16 2025] br0: received packet on switch0.1 with own address as source address (addr:9c:05:d6:4a:39:cb, vlan:0)
[Sat Oct  4 18:34:17 2025] br0: received packet on switch0.1 with own address as source address (addr:9c:05:d6:4a:39:cb, vlan:0)
[Sat Oct  4 18:34:22 2025] net_ratelimit: 1 callbacks suppressed
[Sat Oct  4 18:34:22 2025] br0: received packet on switch0.1 with own address as source address (addr:9c:05:d6:4a:39:cb, vlan:0)
[Sat Oct  4 18:34:29 2025] br0: received packet on switch0.1 with own address as source address (addr:9c:05:d6:4a:39:cb, vlan:0)
[Sat Oct  4 18:34:43 2025] br0: received packet on switch0.1 with own address as source address (addr:9c:05:d6:4a:39:cb, vlan:0)
[Sat Oct  4 18:35:11 2025] br0: received packet on switch0.1 with own address as source address (addr:9c:05:d6:4a:39:cb, vlan:0)
[Sat Oct  4 18:40:16 2025] br0: received packet on switch0.1 with own address as source address (addr:9c:05:d6:4a:39:cb, vlan:0)
[Sat Oct  4 18:40:16 2025] br0: received packet on switch0.1 with own address as source address (addr:9c:05:d6:4a:39:cb, vlan:0)
[Sat Oct  4 18:40:16 2025] br0: received packet on switch0.1 with own address as source address (addr:9c:05:d6:4a:39:cb, vlan:0)
[Sat Oct  4 18:40:16 2025] br0: received packet on switch0.1 with own address as source address (addr:9c:05:d6:4a:39:cb, vlan:0)
[Sat Oct  4 18:40:16 2025] br0: received packet on switch0.1 with own address as source address (addr:9c:05:d6:4a:39:cb, vlan:0)
[Sat Oct  4 18:40:16 2025] br0: received packet on switch0.1 with own address as source address (addr:9c:05:d6:4a:39:cb, vlan:0)
[Sat Oct  4 18:40:16 2025] br0: received packet on switch0.1 with own address as source address (addr:9c:05:d6:4a:39:cb, vlan:0)
[Sat Oct  4 18:40:16 2025] br0: received packet on switch0.1 with own address as source address (addr:9c:05:d6:4a:39:cb, vlan:0)
[Sat Oct  4 18:40:16 2025] br0: received packet on switch0.1 with own address as source address (addr:9c:05:d6:4a:39:cb, vlan:0)
[Sat Oct  4 18:40:16 2025] br0: received packet on switch0.1 with own address as source address (addr:9c:05:d6:4a:39:cb, vlan:0)
[Sat Oct  4 18:40:23 2025] net_ratelimit: 8 callbacks suppressed
[Sat Oct  4 18:40:23 2025] br0: received packet on switch0.1 with own address as source address (addr:9c:05:d6:4a:39:cb, vlan:0)
[Sat Oct  4 18:40:30 2025] br0: received packet on switch0.1 with own address as source address (addr:9c:05:d6:4a:39:cb, vlan:0)
[Sat Oct  4 18:40:44 2025] br0: received packet on switch0.1 with own address as source address (addr:9c:05:d6:4a:39:cb, vlan:0)
[Sat Oct  4 18:41:11 2025] br0: received packet on switch0.1 with own address as source address (addr:9c:05:d6:4a:39:cb, vlan:0)
[Sat Oct  4 18:42:05 2025] br0: received packet on switch0.1 with own address as source address (addr:9c:05:d6:4a:39:cb, vlan:0)
[Sun Oct  5 04:06:02 2025] device br2 left promiscuous mode
[Sun Oct  5 04:06:02 2025] device br0 left promiscuous mode
[Sun Oct  5 04:06:09 2025] device br0 entered promiscuous mode
[Sun Oct  5 04:06:09 2025] device br2 entered promiscuous mode
[Mon Oct  6 04:06:00 2025] device br2 left promiscuous mode
[Mon Oct  6 04:06:00 2025] device br0 left promiscuous mode
[Mon Oct  6 04:06:07 2025] device br0 entered promiscuous mode
[Mon Oct  6 04:06:07 2025] device br2 entered promiscuous mode
[Tue Oct  7 04:06:00 2025] device br2 left promiscuous mode
[Tue Oct  7 04:06:00 2025] device br0 left promiscuous mode
[Tue Oct  7 04:06:08 2025] device br0 entered promiscuous mode
[Tue Oct  7 04:06:08 2025] device br2 entered promiscuous mode
[Tue Oct  7 09:07:08 2025] device br2 left promiscuous mode
[Tue Oct  7 09:07:09 2025] device br0 left promiscuous mode
[Tue Oct  7 09:07:16 2025] device br0 entered promiscuous mode
[Tue Oct  7 09:07:16 2025] device br2 entered promiscuous mode
[Tue Oct  7 14:12:12 2025] device br2 left promiscuous mode
[Tue Oct  7 14:12:12 2025] device br0 left promiscuous mode
[Tue Oct  7 14:12:19 2025] device br0 entered promiscuous mode
[Tue Oct  7 14:12:19 2025] device br2 entered promiscuous mode
[Tue Oct  7 19:01:34 2025] br0: received packet on switch0.1 with own address as source address (addr:9c:05:d6:4a:39:cb, vlan:0)
[Tue Oct  7 19:01:35 2025] br0: received packet on switch0.1 with own address as source address (addr:9c:05:d6:4a:39:cb, vlan:0)
[Tue Oct  7 19:01:37 2025] br0: received packet on switch0.1 with own address as source address (addr:9c:05:d6:4a:39:cb, vlan:0)
[Tue Oct  7 20:12:11 2025] device br2 left promiscuous mode
[Tue Oct  7 20:12:11 2025] device br0 left promiscuous mode
[Tue Oct  7 20:12:18 2025] device br0 entered promiscuous mode
[Tue Oct  7 20:12:18 2025] device br2 entered promiscuous mode
[Wed Oct  8 09:07:09 2025] device br2 left promiscuous mode
[Wed Oct  8 09:07:09 2025] device br0 left promiscuous mode
[Wed Oct  8 09:07:16 2025] device br0 entered promiscuous mode
[Wed Oct  8 09:07:16 2025] device br2 entered promiscuous mode
[Wed Oct  8 14:12:11 2025] device br2 left promiscuous mode
[Wed Oct  8 14:12:11 2025] device br0 left promiscuous mode
[Wed Oct  8 14:12:18 2025] device br0 entered promiscuous mode
[Wed Oct  8 14:12:18 2025] device br2 entered promiscuous mode
[Thu Oct  9 04:05:58 2025] device br2 left promiscuous mode
[Thu Oct  9 04:05:58 2025] device br0 left promiscuous mode
[Thu Oct  9 04:06:05 2025] device br0 entered promiscuous mode
[Thu Oct  9 04:06:05 2025] device br2 entered promiscuous mode
[Fri Oct 10 04:05:59 2025] device br2 left promiscuous mode
[Fri Oct 10 04:05:59 2025] device br0 left promiscuous mode
[Fri Oct 10 04:06:06 2025] device br0 entered promiscuous mode
[Fri Oct 10 04:06:06 2025] device br2 entered promiscuous mode
[Sat Oct 11 04:05:56 2025] device br2 left promiscuous mode
[Sat Oct 11 04:05:56 2025] device br0 left promiscuous mode
[Sat Oct 11 04:06:03 2025] device br0 entered promiscuous mode
[Sat Oct 11 04:06:03 2025] device br2 entered promiscuous mode
[Sun Oct 12 04:05:53 2025] device br2 left promiscuous mode
[Sun Oct 12 04:05:53 2025] device br0 left promiscuous mode
[Sun Oct 12 04:06:00 2025] device br0 entered promiscuous mode
[Sun Oct 12 04:06:00 2025] device br2 entered promiscuous mode
[Mon Oct 13 04:05:54 2025] device br2 left promiscuous mode
[Mon Oct 13 04:05:54 2025] device br0 left promiscuous mode
[Mon Oct 13 04:06:02 2025] device br0 entered promiscuous mode
[Mon Oct 13 04:06:02 2025] device br2 entered promiscuous mode
[Mon Oct 13 23:12:43 2025] [quic_sm_reassemble_func#1025]: failed to allocate reassemble cont.
[Tue Oct 14 04:05:54 2025] device br2 left promiscuous mode
[Tue Oct 14 04:05:54 2025] device br0 left promiscuous mode
[Tue Oct 14 04:06:02 2025] device br0 entered promiscuous mode
[Tue Oct 14 04:06:02 2025] device br2 entered promiscuous mode
[Tue Oct 14 17:30:53 2025] [quic_sm_reassemble_func#1025]: failed to allocate reassemble cont.
[Tue Oct 14 21:49:12 2025] [quic_sm_reassemble_func#1025]: failed to allocate reassemble cont.
[Wed Oct 15 04:05:53 2025] device br2 left promiscuous mode
[Wed Oct 15 04:05:53 2025] device br0 left promiscuous mode
[Wed Oct 15 04:06:00 2025] device br0 entered promiscuous mode
[Wed Oct 15 04:06:00 2025] device br2 entered promiscuous mode
[Wed Oct 15 18:47:15 2025] [quic_sm_reassemble_func#1025]: failed to allocate reassemble cont.
[Thu Oct 16 04:05:50 2025] device br2 left promiscuous mode
[Thu Oct 16 04:05:50 2025] device br0 left promiscuous mode
[Thu Oct 16 04:05:57 2025] device br0 entered promiscuous mode
[Thu Oct 16 04:05:57 2025] device br2 entered promiscuous mode
[Thu Oct 16 18:13:37 2025] [quic_sm_reassemble_func#1025]: failed to allocate reassemble cont.
[Fri Oct 17 04:05:50 2025] device br2 left promiscuous mode
[Fri Oct 17 04:05:50 2025] device br0 left promiscuous mode
[Fri Oct 17 04:05:57 2025] device br0 entered promiscuous mode
[Fri Oct 17 04:05:57 2025] device br2 entered promiscuous mode
[Sat Oct 18 04:05:49 2025] device br2 left promiscuous mode
[Sat Oct 18 04:05:50 2025] device br0 left promiscuous mode
[Sat Oct 18 04:05:57 2025] device br0 entered promiscuous mode
[Sat Oct 18 04:05:57 2025] device br2 entered promiscuous mode
[Sat Oct 18 20:40:58 2025] br0: received packet on switch0.1 with own address as source address (addr:9c:05:d6:4a:39:cb, vlan:0)
[Sun Oct 19 04:05:48 2025] device br2 left promiscuous mode
[Sun Oct 19 04:05:48 2025] device br0 left promiscuous mode
[Sun Oct 19 04:05:56 2025] device br0 entered promiscuous mode
[Sun Oct 19 04:05:56 2025] device br2 entered promiscuous mode
[Mon Oct 20 04:05:47 2025] device br2 left promiscuous mode
[Mon Oct 20 04:05:47 2025] device br0 left promiscuous mode
[Mon Oct 20 04:05:55 2025] device br0 entered promiscuous mode
[Mon Oct 20 04:05:55 2025] device br2 entered promiscuous mode
[Tue Oct 21 04:05:47 2025] device br2 left promiscuous mode
[Tue Oct 21 04:05:47 2025] device br0 left promiscuous mode
[Tue Oct 21 04:05:54 2025] device br0 entered promiscuous mode
[Tue Oct 21 04:05:54 2025] device br2 entered promiscuous mode
[Wed Oct 22 04:05:44 2025] device br2 left promiscuous mode
[Wed Oct 22 04:05:44 2025] device br0 left promiscuous mode
[Wed Oct 22 04:05:51 2025] device br0 entered promiscuous mode
[Wed Oct 22 04:05:51 2025] device br2 entered promiscuous mode
[Thu Oct 23 04:05:43 2025] device br2 left promiscuous mode
[Thu Oct 23 04:05:43 2025] device br0 left promiscuous mode
[Thu Oct 23 04:05:51 2025] device br0 entered promiscuous mode
[Thu Oct 23 04:05:51 2025] device br2 entered promiscuous mode
[Thu Oct 23 11:23:22 2025] [quic_sm_reassemble_func#1025]: failed to allocate reassemble cont.
[Fri Oct 24 04:05:46 2025] device br2 left promiscuous mode
[Fri Oct 24 04:05:46 2025] device br0 left promiscuous mode
[Fri Oct 24 04:05:53 2025] device br0 entered promiscuous mode
[Fri Oct 24 04:05:53 2025] device br2 entered promiscuous mode
[Fri Oct 24 11:07:47 2025] [quic_sm_reassemble_func#1025]: failed to allocate reassemble cont.
[Sat Oct 25 04:05:45 2025] device br2 left promiscuous mode
[Sat Oct 25 04:05:45 2025] device br0 left promiscuous mode
[Sat Oct 25 04:05:52 2025] device br0 entered promiscuous mode
[Sat Oct 25 04:05:52 2025] device br2 entered promiscuous mode
[Sat Oct 25 18:37:24 2025] [quic_sm_reassemble_func#1025]: failed to allocate reassemble cont.
[Sun Oct 26 03:05:43 2025] device br2 left promiscuous mode
[Sun Oct 26 03:05:43 2025] device br0 left promiscuous mode
[Sun Oct 26 03:05:50 2025] device br0 entered promiscuous mode
[Sun Oct 26 03:05:50 2025] device br2 entered promiscuous mode
[Sun Oct 26 10:36:27 2025] [quic_sm_reassemble_func#1025]: failed to allocate reassemble cont.
[Mon Oct 27 03:05:42 2025] device br2 left promiscuous mode
[Mon Oct 27 03:05:42 2025] device br0 left promiscuous mode
[Mon Oct 27 03:05:49 2025] device br0 entered promiscuous mode
[Mon Oct 27 03:05:49 2025] device br2 entered promiscuous mode
[Mon Oct 27 08:45:07 2025] [quic_sm_reassemble_func#1025]: failed to allocate reassemble cont.
[Mon Oct 27 11:52:40 2025] [quic_sm_reassemble_func#1025]: failed to allocate reassemble cont.
[Tue Oct 28 01:20:31 2025] [quic_sm_reassemble_func#1025]: failed to allocate reassemble cont.
[Tue Oct 28 03:05:42 2025] device br2 left promiscuous mode
[Tue Oct 28 03:05:42 2025] device br0 left promiscuous mode
[Tue Oct 28 03:05:50 2025] device br0 entered promiscuous mode
[Tue Oct 28 03:05:50 2025] device br2 entered promiscuous mode
[Tue Oct 28 18:46:47 2025] [quic_sm_reassemble_func#1025]: failed to allocate reassemble cont.
[Wed Oct 29 03:05:39 2025] device br2 left promiscuous mode
[Wed Oct 29 03:05:39 2025] device br0 left promiscuous mode
[Wed Oct 29 03:05:47 2025] device br0 entered promiscuous mode
[Wed Oct 29 03:05:47 2025] device br2 entered promiscuous mode
[Thu Oct 30 03:05:38 2025] device br2 left promiscuous mode
[Thu Oct 30 03:05:38 2025] device br0 left promiscuous mode
[Thu Oct 30 03:05:45 2025] device br0 entered promiscuous mode
[Thu Oct 30 03:05:46 2025] device br2 entered promiscuous mode
[Fri Oct 31 03:05:37 2025] device br2 left promiscuous mode
[Fri Oct 31 03:05:37 2025] device br0 left promiscuous mode
